Archive member included to satisfy reference by file (symbol)

c:/ac6/systemworkbench/plugins/fr.ac6.mcu.externaltools.arm-none.win32_1.13.1.201701261202/tools/compiler/bin/../lib/gcc/arm-none-eabi/5.4.1/../../../../arm-none-eabi/lib/armv7e-m/fpu\libm.a(lib_a-s_cos.o)
                              Application/User/matrix.o (cos)
c:/ac6/systemworkbench/plugins/fr.ac6.mcu.externaltools.arm-none.win32_1.13.1.201701261202/tools/compiler/bin/../lib/gcc/arm-none-eabi/5.4.1/../../../../arm-none-eabi/lib/armv7e-m/fpu\libm.a(lib_a-s_sin.o)
                              Application/User/matrix.o (sin)
c:/ac6/systemworkbench/plugins/fr.ac6.mcu.externaltools.arm-none.win32_1.13.1.201701261202/tools/compiler/bin/../lib/gcc/arm-none-eabi/5.4.1/../../../../arm-none-eabi/lib/armv7e-m/fpu\libm.a(lib_a-w_asin.o)
                              Application/User/matrix.o (asin)
c:/ac6/systemworkbench/plugins/fr.ac6.mcu.externaltools.arm-none.win32_1.13.1.201701261202/tools/compiler/bin/../lib/gcc/arm-none-eabi/5.4.1/../../../../arm-none-eabi/lib/armv7e-m/fpu\libm.a(lib_a-w_atan2.o)
                              Application/User/main.o (atan2)
c:/ac6/systemworkbench/plugins/fr.ac6.mcu.externaltools.arm-none.win32_1.13.1.201701261202/tools/compiler/bin/../lib/gcc/arm-none-eabi/5.4.1/../../../../arm-none-eabi/lib/armv7e-m/fpu\libm.a(lib_a-w_sqrt.o)
                              Application/User/main.o (sqrt)
c:/ac6/systemworkbench/plugins/fr.ac6.mcu.externaltools.arm-none.win32_1.13.1.201701261202/tools/compiler/bin/../lib/gcc/arm-none-eabi/5.4.1/../../../../arm-none-eabi/lib/armv7e-m/fpu\libm.a(lib_a-e_asin.o)
                              c:/ac6/systemworkbench/plugins/fr.ac6.mcu.externaltools.arm-none.win32_1.13.1.201701261202/tools/compiler/bin/../lib/gcc/arm-none-eabi/5.4.1/../../../../arm-none-eabi/lib/armv7e-m/fpu\libm.a(lib_a-w_asin.o) (__ieee754_asin)
c:/ac6/systemworkbench/plugins/fr.ac6.mcu.externaltools.arm-none.win32_1.13.1.201701261202/tools/compiler/bin/../lib/gcc/arm-none-eabi/5.4.1/../../../../arm-none-eabi/lib/armv7e-m/fpu\libm.a(lib_a-e_atan2.o)
                              c:/ac6/systemworkbench/plugins/fr.ac6.mcu.externaltools.arm-none.win32_1.13.1.201701261202/tools/compiler/bin/../lib/gcc/arm-none-eabi/5.4.1/../../../../arm-none-eabi/lib/armv7e-m/fpu\libm.a(lib_a-w_atan2.o) (__ieee754_atan2)
c:/ac6/systemworkbench/plugins/fr.ac6.mcu.externaltools.arm-none.win32_1.13.1.201701261202/tools/compiler/bin/../lib/gcc/arm-none-eabi/5.4.1/../../../../arm-none-eabi/lib/armv7e-m/fpu\libm.a(lib_a-e_rem_pio2.o)
                              c:/ac6/systemworkbench/plugins/fr.ac6.mcu.externaltools.arm-none.win32_1.13.1.201701261202/tools/compiler/bin/../lib/gcc/arm-none-eabi/5.4.1/../../../../arm-none-eabi/lib/armv7e-m/fpu\libm.a(lib_a-s_cos.o) (__ieee754_rem_pio2)
c:/ac6/systemworkbench/plugins/fr.ac6.mcu.externaltools.arm-none.win32_1.13.1.201701261202/tools/compiler/bin/../lib/gcc/arm-none-eabi/5.4.1/../../../../arm-none-eabi/lib/armv7e-m/fpu\libm.a(lib_a-e_sqrt.o)
                              c:/ac6/systemworkbench/plugins/fr.ac6.mcu.externaltools.arm-none.win32_1.13.1.201701261202/tools/compiler/bin/../lib/gcc/arm-none-eabi/5.4.1/../../../../arm-none-eabi/lib/armv7e-m/fpu\libm.a(lib_a-w_sqrt.o) (__ieee754_sqrt)
c:/ac6/systemworkbench/plugins/fr.ac6.mcu.externaltools.arm-none.win32_1.13.1.201701261202/tools/compiler/bin/../lib/gcc/arm-none-eabi/5.4.1/../../../../arm-none-eabi/lib/armv7e-m/fpu\libm.a(lib_a-k_cos.o)
                              c:/ac6/systemworkbench/plugins/fr.ac6.mcu.externaltools.arm-none.win32_1.13.1.201701261202/tools/compiler/bin/../lib/gcc/arm-none-eabi/5.4.1/../../../../arm-none-eabi/lib/armv7e-m/fpu\libm.a(lib_a-s_cos.o) (__kernel_cos)
c:/ac6/systemworkbench/plugins/fr.ac6.mcu.externaltools.arm-none.win32_1.13.1.201701261202/tools/compiler/bin/../lib/gcc/arm-none-eabi/5.4.1/../../../../arm-none-eabi/lib/armv7e-m/fpu\libm.a(lib_a-k_rem_pio2.o)
                              c:/ac6/systemworkbench/plugins/fr.ac6.mcu.externaltools.arm-none.win32_1.13.1.201701261202/tools/compiler/bin/../lib/gcc/arm-none-eabi/5.4.1/../../../../arm-none-eabi/lib/armv7e-m/fpu\libm.a(lib_a-e_rem_pio2.o) (__kernel_rem_pio2)
c:/ac6/systemworkbench/plugins/fr.ac6.mcu.externaltools.arm-none.win32_1.13.1.201701261202/tools/compiler/bin/../lib/gcc/arm-none-eabi/5.4.1/../../../../arm-none-eabi/lib/armv7e-m/fpu\libm.a(lib_a-k_sin.o)
                              c:/ac6/systemworkbench/plugins/fr.ac6.mcu.externaltools.arm-none.win32_1.13.1.201701261202/tools/compiler/bin/../lib/gcc/arm-none-eabi/5.4.1/../../../../arm-none-eabi/lib/armv7e-m/fpu\libm.a(lib_a-s_cos.o) (__kernel_sin)
c:/ac6/systemworkbench/plugins/fr.ac6.mcu.externaltools.arm-none.win32_1.13.1.201701261202/tools/compiler/bin/../lib/gcc/arm-none-eabi/5.4.1/../../../../arm-none-eabi/lib/armv7e-m/fpu\libm.a(lib_a-s_atan.o)
[...]
Memory Configuration

Name             Origin             Length             Attributes
RAM              0x20000000         0x00020000         xrw
CCMRAM           0x10000000         0x00010000         rw
FLASH            0x08000000         0x00100000         xr
*default*        0x00000000         0xffffffff

Linker script and memory map

LOAD c:/ac6/systemworkbench/plugins/fr.ac6.mcu.externaltools.arm-none.win32_1.13.1.201701261202/tools/compiler/bin/../lib/gcc/arm-none-eabi/5.4.1/armv7e-m/fpu/crti.o
LOAD c:/ac6/systemworkbench/plugins/fr.ac6.mcu.externaltools.arm-none.win32_1.13.1.201701261202/tools/compiler/bin/../lib/gcc/arm-none-eabi/5.4.1/armv7e-m/fpu/crtbegin.o
LOAD c:/ac6/systemworkbench/plugins/fr.ac6.mcu.externaltools.arm-none.win32_1.13.1.201701261202/tools/compiler/bin/../lib/gcc/arm-none-eabi/5.4.1/../../../../arm-none-eabi/lib/armv7e-m/fpu/crt0.o
LOAD c:/ac6/systemworkbench/plugins/fr.ac6.mcu.externaltools.arm-none.win32_1.13.1.201701261202/tools/compiler/bin/../lib/gcc/arm-none-eabi/5.4.1/../../../../arm-none-eabi/lib/armv7e-m/fpu\libm.a
LOAD Application/SW4STM32/startup_stm32f407xx.o
LOAD Application/User/I2C_Software_Master.o
LOAD Application/User/freertos.o
LOAD Application/User/main.o
LOAD Application/User/matrix.o
LOAD Application/User/stm32f4xx_hal_msp.o
LOAD Application/User/stm32f4xx_it.o
LOAD Drivers/CMSIS/system_stm32f4xx.o
LOAD Drivers/STM32F4xx_HAL_Driver/stm32f4xx_hal.o
LOAD Drivers/STM32F4xx_HAL_Driver/stm32f4xx_hal_cortex.o
LOAD Drivers/STM32F4xx_HAL_Driver/stm32f4xx_hal_dma.o
LOAD Drivers/STM32F4xx_HAL_Driver/stm32f4xx_hal_dma_ex.o
LOAD Drivers/STM32F4xx_HAL_Driver/stm32f4xx_hal_flash.o
LOAD Drivers/STM32F4xx_HAL_Driver/stm32f4xx_hal_flash_ex.o
LOAD Drivers/STM32F4xx_HAL_Driver/stm32f4xx_hal_flash_ramfunc.o
LOAD Drivers/STM32F4xx_HAL_Driver/stm32f4xx_hal_gpio.o
LOAD Drivers/STM32F4xx_HAL_Driver/stm32f4xx_hal_pwr.o
LOAD Drivers/STM32F4xx_HAL_Driver/stm32f4xx_hal_pwr_ex.o
LOAD Drivers/STM32F4xx_HAL_Driver/stm32f4xx_hal_rcc.o
LOAD Drivers/STM32F4xx_HAL_Driver/stm32f4xx_hal_rcc_ex.o
LOAD Drivers/STM32F4xx_HAL_Driver/stm32f4xx_hal_spi.o
LOAD Drivers/STM32F4xx_HAL_Driver/stm32f4xx_hal_tim.o
LOAD Drivers/STM32F4xx_HAL_Driver/stm32f4xx_hal_tim_ex.o
LOAD Drivers/STM32F4xx_HAL_Driver/stm32f4xx_hal_uart.o
LOAD Middlewares/FreeRTOS/cmsis_os.o
LOAD Middlewares/FreeRTOS/croutine.o
LOAD Middlewares/FreeRTOS/event_groups.o
LOAD Middlewares/FreeRTOS/heap_4.o
LOAD Middlewares/FreeRTOS/list.o
LOAD Middlewares/FreeRTOS/port.o
LOAD Middlewares/FreeRTOS/queue.o
LOAD Middlewares/FreeRTOS/tasks.o
LOAD Middlewares/FreeRTOS/timers.o
LOAD c:/ac6/systemworkbench/plugins/fr.ac6.mcu.externaltools.arm-none.win32_1.13.1.201701261202/tools/compiler/bin/../lib/gcc/arm-none-eabi/5.4.1/../../../../arm-none-eabi/lib/armv7e-m/fpu\libm.a
START GROUP
LOAD c:/ac6/systemworkbench/plugins/fr.ac6.mcu.externaltools.arm-none.win32_1.13.1.201701261202/tools/compiler/bin/../lib/gcc/arm-none-eabi/5.4.1/armv7e-m/fpu\libgcc.a
LOAD c:/ac6/systemworkbench/plugins/fr.ac6.mcu.externaltools.arm-none.win32_1.13.1.201701261202/tools/compiler/bin/../lib/gcc/arm-none-eabi/5.4.1/../../../../arm-none-eabi/lib/armv7e-m/fpu\libc_nano.a
END GROUP
START GROUP
LOAD c:/ac6/systemworkbench/plugins/fr.ac6.mcu.externaltools.arm-none.win32_1.13.1.201701261202/tools/compiler/bin/../lib/gcc/arm-none-eabi/5.4.1/armv7e-m/fpu\libgcc.a
LOAD c:/ac6/systemworkbench/plugins/fr.ac6.mcu.externaltools.arm-none.win32_1.13.1.201701261202/tools/compiler/bin/../lib/gcc/arm-none-eabi/5.4.1/../../../../arm-none-eabi/lib/armv7e-m/fpu\libc_nano.a
LOAD c:/ac6/systemworkbench/plugins/fr.ac6.mcu.externaltools.arm-none.win32_1.13.1.201701261202/tools/compiler/bin/../lib/gcc/arm-none-eabi/5.4.1/../../../../arm-none-eabi/lib/armv7e-m/fpu\libnosys.a
END GROUP
START GROUP
LOAD c:/ac6/systemworkbench/plugins/fr.ac6.mcu.externaltools.arm-none.win32_1.13.1.201701261202/tools/compiler/bin/../lib/gcc/arm-none-eabi/5.4.1/armv7e-m/fpu\libgcc.a
LOAD c:/ac6/systemworkbench/plugins/fr.ac6.mcu.externaltools.arm-none.win32_1.13.1.201701261202/tools/compiler/bin/../lib/gcc/arm-none-eabi/5.4.1/../../../../arm-none-eabi/lib/armv7e-m/fpu\libc_nano.a
LOAD c:/ac6/systemworkbench/plugins/fr.ac6.mcu.externaltools.arm-none.win32_1.13.1.201701261202/tools/compiler/bin/../lib/gcc/arm-none-eabi/5.4.1/../../../../arm-none-eabi/lib/armv7e-m/fpu\libnosys.a
END GROUP
LOAD c:/ac6/systemworkbench/plugins/fr.ac6.mcu.externaltools.arm-none.win32_1.13.1.201701261202/tools/compiler/bin/../lib/gcc/arm-none-eabi/5.4.1/armv7e-m/fpu/crtend.o
LOAD c:/ac6/systemworkbench/plugins/fr.ac6.mcu.externaltools.arm-none.win32_1.13.1.201701261202/tools/compiler/bin/../lib/gcc/arm-none-eabi/5.4.1/armv7e-m/fpu/crtn.o
                0x20020000                _estack = 0x20020000
                0x00000200                _Min_Heap_Size = 0x200
                0x00000400                _Min_Stack_Size = 0x400

.isr_vector     0x08000000      0x188
                0x08000000                . = ALIGN (0x4)
 *(.isr_vector)
 .isr_vector    0x08000000      0x188 Application/SW4STM32/startup_stm32f407xx.o
                0x08000000                g_pfnVectors
                0x08000188                . = ALIGN (0x4)

.text           0x08000188     0x82c0
                0x08000188                . = ALIGN (0x4)
 *(.text)
 .text          0x08000188       0x5c c:/ac6/systemworkbench/plugins/fr.ac6.mcu.externaltools.arm-none.win32_1.13.1.201701261202/tools/compiler/bin/../lib/gcc/arm-none-eabi/5.4.1/armv7e-m/fpu/crtbegin.o
 .text          0x080001e4      0x370 c:/ac6/systemworkbench/plugins/fr.ac6.mcu.externaltools.arm-none.win32_1.13.1.201701261202/tools/compiler/bin/../lib/gcc/arm-none-eabi/5.4.1/armv7e-m/fpu\libgcc.a(_arm_addsubdf3.o)
                0x080001e4                __aeabi_drsub
                0x080001ec                __aeabi_dsub
                0x080001ec                __subdf3
                0x080001f0                __aeabi_dadd
                0x080001f0                __adddf3
                0x08000468                __floatunsidf
                0x08000468                __aeabi_ui2d
                0x08000488                __floatsidf
                0x08000488                __aeabi_i2d
                0x080004ac                __aeabi_f2d
                0x080004ac                __extendsfdf2
                0x080004e8                __floatundidf
                0x080004e8                __aeabi_ul2d
                0x080004f8                __floatdidf
                0x080004f8                __aeabi_l2d
 .text          0x08000554      0x424 c:/ac6/systemworkbench/plugins/fr.ac6.mcu.externaltools.arm-none.win32_1.13.1.201701261202/tools/compiler/bin/../lib/gcc/arm-none-eabi/5.4.1/armv7e-m/fpu\libgcc.a(_arm_muldivdf3.o)
                0x08000554                __aeabi_dmul
                0x08000554                __muldf3
                0x080007a8                __divdf3
                0x080007a8                __aeabi_ddiv
 .text          0x08000978      0x110 c:/ac6/systemworkbench/plugins/fr.ac6.mcu.externaltools.arm-none.win32_1.13.1.201701261202/tools/compiler/bin/../lib/gcc/arm-none-eabi/5.4.1/armv7e-m/fpu\libgcc.a(_arm_cmpdf2.o)
                0x08000978                __gtdf2
                0x08000978                __gedf2
                0x08000980                __ltdf2
                0x08000980                __ledf2
                0x08000988                __nedf2
                0x08000988                __eqdf2
                0x08000988                __cmpdf2
                0x08000a04                __aeabi_cdrcmple
                0x08000a14                __aeabi_cdcmpeq
                0x08000a14                __aeabi_cdcmple
                0x08000a24                __aeabi_dcmpeq
                0x08000a38                __aeabi_dcmplt
                0x08000a4c                __aeabi_dcmple
                0x08000a60                __aeabi_dcmpge
                0x08000a74                __aeabi_dcmpgt
 .text          0x08000a88       0x2c c:/ac6/systemworkbench/plugins/fr.ac6.mcu.externaltools.arm-none.win32_1.13.1.201701261202/tools/compiler/bin/../lib/gcc/arm-none-eabi/5.4.1/armv7e-m/fpu\libgcc.a(_arm_unorddf2.o)
                0x08000a88                __unorddf2
                0x08000a88                __aeabi_dcmpun
 .text          0x08000ab4       0x50 c:/ac6/systemworkbench/plugins/fr.ac6.mcu.externaltools.arm-none.win32_1.13.1.201701261202/tools/compiler/bin/../lib/gcc/arm-none-eabi/5.4.1/armv7e-m/fpu\libgcc.a(_arm_fixdfsi.o)
                0x08000ab4                __aeabi_d2iz
                0x08000ab4                __fixdfsi
 .text          0x08000b04       0xa0 c:/ac6/systemworkbench/plugins/fr.ac6.mcu.externaltools.arm-none.win32_1.13.1.201701261202/tools/compiler/bin/../lib/gcc/arm-none-eabi/5.4.1/armv7e-m/fpu\libgcc.a(_arm_truncdfsf2.o)
                0x08000b04                __truncdfsf2
                0x08000b04                __aeabi_d2f
 .text          0x08000ba4       0x10 c:/ac6/systemworkbench/plugins/fr.ac6.mcu.externaltools.arm-none.win32_1.13.1.201701261202/tools/compiler/bin/../lib/gcc/arm-none-eabi/5.4.1/../../../../arm-none-eabi/lib/armv7e-m/fpu\libc_nano.a(lib_a-strlen.o)
                0x08000ba4                strlen
 *(.text*)
 .text.Reset_Handler
                0x08000bb4       0x50 Application/SW4STM32/startup_stm32f407xx.o
                0x08000bb4                Reset_Handler
 .text.Default_Handler
                0x08000c04        0x2 Application/SW4STM32/startup_stm32f407xx.o
                0x08000c04                RTC_Alarm_IRQHandler
                0x08000c04                HASH_RNG_IRQHandler
                0x08000c04                EXTI2_IRQHandler
                0x08000c04                TIM8_CC_IRQHandler
                0x08000c04                DebugMon_Handler
                0x08000c04                TIM1_CC_IRQHandler
                0x08000c04                DMA2_Stream5_IRQHandler
                0x08000c04                HardFault_Handler
                0x08000c04                DMA1_Stream5_IRQHandler
                0x08000c04                PVD_IRQHandler
                0x08000c04                SDIO_IRQHandler
                0x08000c04                TAMP_STAMP_IRQHandler
                0x08000c04                NMI_Handler
                0x08000c04                CAN2_RX1_IRQHandler
                0x08000c04                EXTI3_IRQHandler
                0x08000c04                TIM8_TRG_COM_TIM14_IRQHandler
                0x08000c04                TIM1_UP_TIM10_IRQHandler
                0x08000c04                TIM8_UP_TIM13_IRQHandler
                0x08000c04                I2C3_ER_IRQHandler
                0x08000c04                EXTI0_IRQHandler
                0x08000c04                I2C2_EV_IRQHandler
                0x08000c04                DMA1_Stream2_IRQHandler
                0x08000c04                CAN1_RX0_IRQHandler
                0x08000c04                FPU_IRQHandler
                0x08000c04                OTG_HS_WKUP_IRQHandler
                0x08000c04                UsageFault_Handler
                0x08000c04                CAN2_SCE_IRQHandler
                0x08000c04                DMA2_Stream2_IRQHandler
                0x08000c04                SPI1_IRQHandler
                0x08000c04                TIM6_DAC_IRQHandler
                0x08000c04                TIM1_BRK_TIM9_IRQHandler
                0x08000c04                DCMI_IRQHandler
                0x08000c04                CAN2_RX0_IRQHandler
                0x08000c04                DMA2_Stream3_IRQHandler
                0x08000c04                USART6_IRQHandler
                0x08000c04                USART3_IRQHandler
                0x08000c04                CAN1_RX1_IRQHandler
                0x08000c04                UART5_IRQHandler
                0x08000c04                DMA2_Stream0_IRQHandler
                0x08000c04                TIM4_IRQHandler
                0x08000c04                I2C1_EV_IRQHandler
                0x08000c04                DMA1_Stream6_IRQHandler
                0x08000c04                DMA1_Stream1_IRQHandler
                0x08000c04                UART4_IRQHandler
                0x08000c04                TIM3_IRQHandler
                0x08000c04                RCC_IRQHandler
                0x08000c04                TIM8_BRK_TIM12_IRQHandler
                0x08000c04                Default_Handler
                0x08000c04                EXTI15_10_IRQHandler
                0x08000c04                ADC_IRQHandler
                0x08000c04                DMA1_Stream7_IRQHandler
                0x08000c04                TIM7_IRQHandler
                0x08000c04                CAN2_TX_IRQHandler
                0x08000c04                TIM5_IRQHandler
                0x08000c04                DMA2_Stream7_IRQHandler
                0x08000c04                I2C3_EV_IRQHandler
                0x08000c04                EXTI9_5_IRQHandler
                0x08000c04                RTC_WKUP_IRQHandler
                0x08000c04                ETH_WKUP_IRQHandler
                0x08000c04                SPI2_IRQHandler
                0x08000c04                OTG_HS_EP1_IN_IRQHandler
                0x08000c04                MemManage_Handler
                0x08000c04                DMA1_Stream0_IRQHandler
                0x08000c04                CAN1_TX_IRQHandler
                0x08000c04                EXTI4_IRQHandler
                0x08000c04                FSMC_IRQHandler
                0x08000c04                ETH_IRQHandler
                0x08000c04                OTG_HS_EP1_OUT_IRQHandler
                0x08000c04                WWDG_IRQHandler
                0x08000c04                TIM2_IRQHandler
                0x08000c04                OTG_FS_WKUP_IRQHandler
                0x08000c04                TIM1_TRG_COM_TIM11_IRQHandler
                0x08000c04                OTG_HS_IRQHandler
                0x08000c04                EXTI1_IRQHandler
                0x08000c04                I2C2_ER_IRQHandler
                0x08000c04                DMA2_Stream1_IRQHandler
                0x08000c04                CAN1_SCE_IRQHandler
                0x08000c04                FLASH_IRQHandler
                0x08000c04                DMA2_Stream4_IRQHandler
                0x08000c04                BusFault_Handler
                0x08000c04                USART1_IRQHandler
                0x08000c04                OTG_FS_IRQHandler
                0x08000c04                SPI3_IRQHandler
                0x08000c04                DMA1_Stream4_IRQHandler
                0x08000c04                I2C1_ER_IRQHandler
                0x08000c04                DMA2_Stream6_IRQHandler
                0x08000c04                DMA1_Stream3_IRQHandler
 *fill*         0x08000c06        0x2 
 .text.I2C_SoftWare_Master_Init
                0x08000c08       0x7c Application/User/I2C_Software_Master.o
                0x08000c08                I2C_SoftWare_Master_Init
 .text.I2C_delay
                0x08000c84       0x18 Application/User/I2C_Software_Master.o
                0x08000c84                I2C_delay
 .text.I2C_Start
                0x08000c9c       0x50 Application/User/I2C_Software_Master.o
                0x08000c9c                I2C_Start
 .text.I2C_Stop
                0x08000cec       0x48 Application/User/I2C_Software_Master.o
                0x08000cec                I2C_Stop
 .text.I2C_Ack  0x08000d34       0x48 Application/User/I2C_Software_Master.o
                0x08000d34                I2C_Ack
 .text.I2C_NoAck
                0x08000d7c       0x48 Application/User/I2C_Software_Master.o
                0x08000d7c                I2C_NoAck
 .text.I2C_WaitAck
                0x08000dc4       0x60 Application/User/I2C_Software_Master.o
                0x08000dc4                I2C_WaitAck
 .text.I2C_SendByte
                0x08000e24       0x58 Application/User/I2C_Software_Master.o
                0x08000e24                I2C_SendByte
 .text.I2C_ReceiveByte
                0x08000e7c       0x5c Application/User/I2C_Software_Master.o
                0x08000e7c                I2C_ReceiveByte
 .text.I2C_SoftWare_Master_Write
                0x08000ed8       0x5a Application/User/I2C_Software_Master.o
                0x08000ed8                I2C_SoftWare_Master_Write
 .text.I2C_SoftWare_Master_Read
                0x08000f32       0x6c Application/User/I2C_Software_Master.o
                0x08000f32                I2C_SoftWare_Master_Read
 *fill*         0x08000f9e        0x2 
 .text.AttitudeCalLoop
                0x08000fa0      0x270 Application/User/main.o
                0x08000fa0                AttitudeCalLoop
 .text.SystemClock_Config
                0x08001210       0xb0 Application/User/main.o
                0x08001210                SystemClock_Config
 .text.GyroWriteOne
                0x080012c0       0x4c Application/User/main.o
                0x080012c0                GyroWriteOne
 .text.GyroReadData
                0x0800130c       0x50 Application/User/main.o
                0x0800130c                GyroReadData
 .text.GyroInit
                0x0800135c       0x84 Application/User/main.o
                0x0800135c                GyroInit
 .text.ReadSensorLoop
                0x080013e0       0x38 Application/User/main.o
                0x080013e0                ReadSensorLoop
 .text.AccInit  0x08001418       0x1a Application/User/main.o
                0x08001418                AccInit
 *fill*         0x08001432        0x2 
 .text.user_pwm_setvalue
                0x08001434       0x30 Application/User/main.o
                0x08001434                user_pwm_setvalue
 .text.startup.main
                0x08001464      0x37c Application/User/main.o
                0x08001464                main
 .text.servoControl
                0x080017e0       0x90 Application/User/main.o
                0x080017e0                servoControl
 .text.moveCommand
                0x08001870       0xf8 Application/User/main.o
                0x08001870                moveCommand
 .text.PrintDataLoop
                0x08001968       0xbc Application/User/main.o
                0x08001968                PrintDataLoop
 .text.HAL_UART_RxCpltCallback
                0x08001a24       0xdc Application/User/main.o
                0x08001a24                HAL_UART_RxCpltCallback
 .text.Matrix_Init
                0x08001b00       0x14 Application/User/matrix.o
                0x08001b00                Matrix_Init
 .text.eye_Matrix
                0x08001b14       0x26 Application/User/matrix.o
                0x08001b14                eye_Matrix
 .text.Matrix_copy
                0x08001b3a       0x16 Application/User/matrix.o
                0x08001b3a                Matrix_copy
 .text.Matrix_Mul
                0x08001b50       0x90 Application/User/matrix.o
                0x08001b50                Matrix_Mul
 .text.eulRot   0x08001be0      0x254 Application/User/matrix.o
                0x08001be0                eulRot
 *fill*         0x08001e34        0x4 
 .text.gyroRot  0x08001e38      0x208 Application/User/matrix.o
                0x08001e38                gyroRot
 .text.mat2ang  0x08002040      0x224 Application/User/matrix.o
                0x08002040                mat2ang
 .text.HAL_MspInit
                0x08002264       0x60 Application/User/stm32f4xx_hal_msp.o
                0x08002264                HAL_MspInit
 .text.HAL_SPI_MspInit
                0x080022c4       0x4c Application/User/stm32f4xx_hal_msp.o
                0x080022c4                HAL_SPI_MspInit
 .text.HAL_TIM_PWM_MspInit
                0x08002310       0x30 Application/User/stm32f4xx_hal_msp.o
                0x08002310                HAL_TIM_PWM_MspInit
 .text.HAL_TIM_MspPostInit
                0x08002340       0x34 Application/User/stm32f4xx_hal_msp.o
                0x08002340                HAL_TIM_MspPostInit
 .text.HAL_UART_MspInit
                0x08002374       0x60 Application/User/stm32f4xx_hal_msp.o
                0x08002374                HAL_UART_MspInit
 .text.SysTick_Handler
                0x080023d4        0xe Application/User/stm32f4xx_it.o
                0x080023d4                SysTick_Handler
 *fill*         0x080023e2        0x2 
 .text.USART2_IRQHandler
                0x080023e4        0xc Application/User/stm32f4xx_it.o
                0x080023e4                USART2_IRQHandler
 .text.SystemInit
                0x080023f0       0x4c Drivers/CMSIS/system_stm32f4xx.o
                0x080023f0                SystemInit
 .text.HAL_InitTick
                0x0800243c       0x28 Drivers/STM32F4xx_HAL_Driver/stm32f4xx_hal.o
                0x0800243c                HAL_InitTick
 .text.HAL_Init
                0x08002464       0x34 Drivers/STM32F4xx_HAL_Driver/stm32f4xx_hal.o
                0x08002464                HAL_Init
 .text.HAL_IncTick
                0x08002498       0x10 Drivers/STM32F4xx_HAL_Driver/stm32f4xx_hal.o
                0x08002498                HAL_IncTick
 .text.HAL_GetTick
                0x080024a8        0xc Drivers/STM32F4xx_HAL_Driver/stm32f4xx_hal.o
                0x080024a8                HAL_GetTick
 .text.HAL_Delay
                0x080024b4       0x1a Drivers/STM32F4xx_HAL_Driver/stm32f4xx_hal.o
                0x080024b4                HAL_Delay
 *fill*         0x080024ce        0x2 
 .text.HAL_NVIC_SetPriorityGrouping
                0x080024d0       0x24 Drivers/STM32F4xx_HAL_Driver/stm32f4xx_hal_cortex.o
                0x080024d0                HAL_NVIC_SetPriorityGrouping
 .text.HAL_NVIC_SetPriority
                0x080024f4       0x68 Drivers/STM32F4xx_HAL_Driver/stm32f4xx_hal_cortex.o
                0x080024f4                HAL_NVIC_SetPriority
 .text.HAL_NVIC_EnableIRQ
                0x0800255c       0x18 Drivers/STM32F4xx_HAL_Driver/stm32f4xx_hal_cortex.o
                0x0800255c                HAL_NVIC_EnableIRQ
 .text.HAL_SYSTICK_Config
                0x08002574       0x2c Drivers/STM32F4xx_HAL_Driver/stm32f4xx_hal_cortex.o
                0x08002574                HAL_SYSTICK_Config
 .text.HAL_SYSTICK_CLKSourceConfig
                0x080025a0       0x18 Drivers/STM32F4xx_HAL_Driver/stm32f4xx_hal_cortex.o
                0x080025a0                HAL_SYSTICK_CLKSourceConfig
 .text.HAL_DMA_Abort_IT
                0x080025b8       0x24 Drivers/STM32F4xx_HAL_Driver/stm32f4xx_hal_dma.o
                0x080025b8                HAL_DMA_Abort_IT
 .text.HAL_GPIO_Init
                0x080025dc      0x1c0 Drivers/STM32F4xx_HAL_Driver/stm32f4xx_hal_gpio.o
                0x080025dc                HAL_GPIO_Init
 .text.HAL_GPIO_WritePin
                0x0800279c        0x8 Drivers/STM32F4xx_HAL_Driver/stm32f4xx_hal_gpio.o
                0x0800279c                HAL_GPIO_WritePin
 .text.HAL_RCC_OscConfig
                0x080027a4      0x31c Drivers/STM32F4xx_HAL_Driver/stm32f4xx_hal_rcc.o
                0x080027a4                HAL_RCC_OscConfig
 .text.HAL_RCC_GetSysClockFreq
                0x08002ac0       0x7c Drivers/STM32F4xx_HAL_Driver/stm32f4xx_hal_rcc.o
                0x08002ac0                HAL_RCC_GetSysClockFreq
 .text.HAL_RCC_ClockConfig
                0x08002b3c      0x168 Drivers/STM32F4xx_HAL_Driver/stm32f4xx_hal_rcc.o
                0x08002b3c                HAL_RCC_ClockConfig
 .text.HAL_RCC_GetHCLKFreq
                0x08002ca4        0xc Drivers/STM32F4xx_HAL_Driver/stm32f4xx_hal_rcc.o
                0x08002ca4                HAL_RCC_GetHCLKFreq
 .text.HAL_RCC_GetPCLK1Freq
                0x08002cb0       0x30 Drivers/STM32F4xx_HAL_Driver/stm32f4xx_hal_rcc.o
                0x08002cb0                HAL_RCC_GetPCLK1Freq
 .text.HAL_RCC_GetPCLK2Freq
                0x08002ce0       0x30 Drivers/STM32F4xx_HAL_Driver/stm32f4xx_hal_rcc.o
                0x08002ce0                HAL_RCC_GetPCLK2Freq
 .text.SPI_WaitFlagStateUntilTimeout
                0x08002d10       0x8e Drivers/STM32F4xx_HAL_Driver/stm32f4xx_hal_spi.o
 .text.SPI_CheckFlag_BSY
                0x08002d9e       0x20 Drivers/STM32F4xx_HAL_Driver/stm32f4xx_hal_spi.o
 .text.HAL_SPI_Init
                0x08002dbe       0x7a Drivers/STM32F4xx_HAL_Driver/stm32f4xx_hal_spi.o
                0x08002dbe                HAL_SPI_Init
 .text.HAL_SPI_Transmit
                0x08002e38      0x15a Drivers/STM32F4xx_HAL_Driver/stm32f4xx_hal_spi.o
                0x08002e38                HAL_SPI_Transmit
 .text.HAL_SPI_TransmitReceive
                0x08002f92      0x214 Drivers/STM32F4xx_HAL_Driver/stm32f4xx_hal_spi.o
                0x08002f92                HAL_SPI_TransmitReceive
 .text.HAL_SPI_Receive
                0x080031a6      0x140 Drivers/STM32F4xx_HAL_Driver/stm32f4xx_hal_spi.o
                0x080031a6                HAL_SPI_Receive
 *fill*         0x080032e6        0x2 
 .text.TIM_OC1_SetConfig
                0x080032e8       0x58 Drivers/STM32F4xx_HAL_Driver/stm32f4xx_hal_tim.o
 .text.TIM_OC3_SetConfig
                0x08003340       0x60 Drivers/STM32F4xx_HAL_Driver/stm32f4xx_hal_tim.o
 .text.TIM_OC4_SetConfig
                0x080033a0       0x50 Drivers/STM32F4xx_HAL_Driver/stm32f4xx_hal_tim.o
 .text.TIM_Base_SetConfig
                0x080033f0       0xc8 Drivers/STM32F4xx_HAL_Driver/stm32f4xx_hal_tim.o
                0x080033f0                TIM_Base_SetConfig
 .text.HAL_TIM_PWM_Init
                0x080034b8       0x34 Drivers/STM32F4xx_HAL_Driver/stm32f4xx_hal_tim.o
                0x080034b8                HAL_TIM_PWM_Init
 .text.TIM_OC2_SetConfig
                0x080034ec       0x64 Drivers/STM32F4xx_HAL_Driver/stm32f4xx_hal_tim.o
                0x080034ec                TIM_OC2_SetConfig
 .text.HAL_TIM_PWM_ConfigChannel
                0x08003550       0xc6 Drivers/STM32F4xx_HAL_Driver/stm32f4xx_hal_tim.o
                0x08003550                HAL_TIM_PWM_ConfigChannel
 .text.TIM_CCxChannelCmd
                0x08003616       0x1a Drivers/STM32F4xx_HAL_Driver/stm32f4xx_hal_tim.o
                0x08003616                TIM_CCxChannelCmd
 .text.HAL_TIM_PWM_Start
                0x08003630       0x34 Drivers/STM32F4xx_HAL_Driver/stm32f4xx_hal_tim.o
                0x08003630                HAL_TIM_PWM_Start
 .text.HAL_TIMEx_MasterConfigSynchronization
                0x08003664       0x44 Drivers/STM32F4xx_HAL_Driver/stm32f4xx_hal_tim_ex.o
                0x08003664                HAL_TIMEx_MasterConfigSynchronization
 .text.UART_EndRxTransfer
                0x080036a8       0x1a Drivers/STM32F4xx_HAL_Driver/stm32f4xx_hal_uart.o
 *fill*         0x080036c2        0x2 
 .text.UART_SetConfig
                0x080036c4      0x23c Drivers/STM32F4xx_HAL_Driver/stm32f4xx_hal_uart.o
 .text.UART_WaitOnFlagUntilTimeout.constprop.3
                0x08003900       0x50 Drivers/STM32F4xx_HAL_Driver/stm32f4xx_hal_uart.o
 .text.HAL_UART_Init
                0x08003950       0x5c Drivers/STM32F4xx_HAL_Driver/stm32f4xx_hal_uart.o
                0x08003950                HAL_UART_Init
 .text.HAL_UART_Transmit
                0x080039ac       0xbc Drivers/STM32F4xx_HAL_Driver/stm32f4xx_hal_uart.o
                0x080039ac                HAL_UART_Transmit
 .text.HAL_UART_Receive_IT
                0x08003a68       0x46 Drivers/STM32F4xx_HAL_Driver/stm32f4xx_hal_uart.o
                0x08003a68                HAL_UART_Receive_IT
 .text.HAL_UART_TxCpltCallback
                0x08003aae        0x2 Drivers/STM32F4xx_HAL_Driver/stm32f4xx_hal_uart.o
                0x08003aae                HAL_UART_TxCpltCallback
 .text.UART_Receive_IT
                0x08003ab0       0x78 Drivers/STM32F4xx_HAL_Driver/stm32f4xx_hal_uart.o
 .text.HAL_UART_ErrorCallback
                0x08003b28        0x2 Drivers/STM32F4xx_HAL_Driver/stm32f4xx_hal_uart.o
                0x08003b28                HAL_UART_ErrorCallback
 *fill*         0x08003b2a        0x2 
 .text.HAL_UART_IRQHandler
                0x08003b2c      0x140 Drivers/STM32F4xx_HAL_Driver/stm32f4xx_hal_uart.o
                0x08003b2c                HAL_UART_IRQHandler
 .text.UART_DMAAbortOnError
                0x08003c6c       0x10 Drivers/STM32F4xx_HAL_Driver/stm32f4xx_hal_uart.o
 .text.osKernelStart
                0x08003c7c        0xa Middlewares/FreeRTOS/cmsis_os.o
                0x08003c7c                osKernelStart
 .text.osThreadCreate
                0x08003c86       0x38 Middlewares/FreeRTOS/cmsis_os.o
                0x08003c86                osThreadCreate
 .text.osDelay  0x08003cbe       0x10 Middlewares/FreeRTOS/cmsis_os.o
                0x08003cbe                osDelay
 .text.osSystickHandler
                0x08003cce       0x14 Middlewares/FreeRTOS/cmsis_os.o
                0x08003cce                osSystickHandler
 *fill*         0x08003ce2        0x2 
 .text.unlikely.prvInsertBlockIntoFreeList
                0x08003ce4       0x44 Middlewares/FreeRTOS/heap_4.o
 .text.pvPortMalloc
                0x08003d28      0x120 Middlewares/FreeRTOS/heap_4.o
                0x08003d28                pvPortMalloc
 .text.vPortFree
                0x08003e48       0x70 Middlewares/FreeRTOS/heap_4.o
                0x08003e48                vPortFree
 .text.vListInitialise
                0x08003eb8       0x16 Middlewares/FreeRTOS/list.o
                0x08003eb8                vListInitialise
 .text.vListInitialiseItem
                0x08003ece        0x6 Middlewares/FreeRTOS/list.o
                0x08003ece                vListInitialiseItem
 .text.vListInsertEnd
                0x08003ed4       0x18 Middlewares/FreeRTOS/list.o
                0x08003ed4                vListInsertEnd
 .text.vListInsert
                0x08003eec       0x30 Middlewares/FreeRTOS/list.o
                0x08003eec                vListInsert
 .text.uxListRemove
                0x08003f1c       0x20 Middlewares/FreeRTOS/list.o
                0x08003f1c                uxListRemove
 .text.prvTaskExitError
                0x08003f3c       0x30 Middlewares/FreeRTOS/port.o
 .text.prvPortStartFirstTask
                0x08003f6c       0x20 Middlewares/FreeRTOS/port.o
 .text.vPortEnableVFP
                0x08003f8c       0x14 Middlewares/FreeRTOS/port.o
 .text.pxPortInitialiseStack
                0x08003fa0       0x24 Middlewares/FreeRTOS/port.o
                0x08003fa0                pxPortInitialiseStack
 .text.SVC_Handler
                0x08003fc4       0x20 Middlewares/FreeRTOS/port.o
                0x08003fc4                SVC_Handler
 .text.vPortEnterCritical
                0x08003fe4       0x44 Middlewares/FreeRTOS/port.o
                0x08003fe4                vPortEnterCritical
 .text.vPortExitCritical
                0x08004028       0x28 Middlewares/FreeRTOS/port.o
                0x08004028                vPortExitCritical
 .text.PendSV_Handler
                0x08004050       0x60 Middlewares/FreeRTOS/port.o
                0x08004050                PendSV_Handler
 .text.xPortSysTickHandler
                0x080040b0       0x30 Middlewares/FreeRTOS/port.o
                0x080040b0                xPortSysTickHandler
 .text.vPortSetupTimerInterrupt
                0x080040e0       0x28 Middlewares/FreeRTOS/port.o
                0x080040e0                vPortSetupTimerInterrupt
 .text.xPortStartScheduler
                0x08004108       0xe4 Middlewares/FreeRTOS/port.o
                0x08004108                xPortStartScheduler
 .text.prvResetNextTaskUnblockTime
                0x080041ec       0x20 Middlewares/FreeRTOS/tasks.o
 .text.prvAddCurrentTaskToDelayedList
                0x0800420c       0x38 Middlewares/FreeRTOS/tasks.o
 .text.xTaskGenericCreate.part.5
                0x08004244      0x1a0 Middlewares/FreeRTOS/tasks.o
 .text.xTaskGenericCreate
                0x080043e4       0x3c Middlewares/FreeRTOS/tasks.o
                0x080043e4                xTaskGenericCreate
 .text.vTaskStartScheduler
                0x08004420       0x68 Middlewares/FreeRTOS/tasks.o
                0x08004420                vTaskStartScheduler
 .text.vTaskSuspendAll
                0x08004488       0x14 Middlewares/FreeRTOS/tasks.o
                0x08004488                vTaskSuspendAll
 .text.xTaskIncrementTick
                0x0800449c       0xf4 Middlewares/FreeRTOS/tasks.o
                0x0800449c                xTaskIncrementTick
 .text.xTaskResumeAll
                0x08004590       0xe8 Middlewares/FreeRTOS/tasks.o
                0x08004590                xTaskResumeAll
 .text.vTaskDelay
                0x08004678       0x70 Middlewares/FreeRTOS/tasks.o
                0x08004678                vTaskDelay
 .text.prvIdleTask
                0x080046e8       0x70 Middlewares/FreeRTOS/tasks.o
 .text.vTaskSwitchContext
                0x08004758       0x68 Middlewares/FreeRTOS/tasks.o
                0x08004758                vTaskSwitchContext
 .text.xTaskGetSchedulerState
                0x080047c0       0x20 Middlewares/FreeRTOS/tasks.o
                0x080047c0                xTaskGetSchedulerState
 .text.cos      0x080047e0       0xc0 c:/ac6/systemworkbench/plugins/fr.ac6.mcu.externaltools.arm-none.win32_1.13.1.201701261202/tools/compiler/bin/../lib/gcc/arm-none-eabi/5.4.1/../../../../arm-none-eabi/lib/armv7e-m/fpu\libm.a(lib_a-s_cos.o)
                0x080047e0                cos
 .text.sin      0x080048a0       0xc0 c:/ac6/systemworkbench/plugins/fr.ac6.mcu.externaltools.arm-none.win32_1.13.1.201701261202/tools/compiler/bin/../lib/gcc/arm-none-eabi/5.4.1/../../../../arm-none-eabi/lib/armv7e-m/fpu\libm.a(lib_a-s_sin.o)
                0x080048a0                sin
 .text.asin     0x08004960       0xc4 c:/ac6/systemworkbench/plugins/fr.ac6.mcu.externaltools.arm-none.win32_1.13.1.201701261202/tools/compiler/bin/../lib/gcc/arm-none-eabi/5.4.1/../../../../arm-none-eabi/lib/armv7e-m/fpu\libm.a(lib_a-w_asin.o)
                0x08004960                asin
 .text.atan2    0x08004a24        0x4 c:/ac6/systemworkbench/plugins/fr.ac6.mcu.externaltools.arm-none.win32_1.13.1.201701261202/tools/compiler/bin/../lib/gcc/arm-none-eabi/5.4.1/../../../../arm-none-eabi/lib/armv7e-m/fpu\libm.a(lib_a-w_atan2.o)
                0x08004a24                atan2
 .text.sqrt     0x08004a28       0xc0 c:/ac6/systemworkbench/plugins/fr.ac6.mcu.externaltools.arm-none.win32_1.13.1.201701261202/tools/compiler/bin/../lib/gcc/arm-none-eabi/5.4.1/../../../../arm-none-eabi/lib/armv7e-m/fpu\libm.a(lib_a-w_sqrt.o)
                0x08004a28                sqrt
 .text.__ieee754_asin
                0x08004ae8      0x49c c:/ac6/systemworkbench/plugins/fr.ac6.mcu.externaltools.arm-none.win32_1.13.1.201701261202/tools/compiler/bin/../lib/gcc/arm-none-eabi/5.4.1/../../../../arm-none-eabi/lib/armv7e-m/fpu\libm.a(lib_a-e_asin.o)
                0x08004ae8                __ieee754_asin
 *fill*         0x08004f84        0x4 
 .text.__ieee754_atan2
                0x08004f88      0x1ec c:/ac6/systemworkbench/plugins/fr.ac6.mcu.externaltools.arm-none.win32_1.13.1.201701261202/tools/compiler/bin/../lib/gcc/arm-none-eabi/5.4.1/../../../../arm-none-eabi/lib/armv7e-m/fpu\libm.a(lib_a-e_atan2.o)
                0x08004f88                __ieee754_atan2
 *fill*         0x08005174        0x4 
 .text.__ieee754_rem_pio2
                0x08005178      0x44c c:/ac6/systemworkbench/plugins/fr.ac6.mcu.externaltools.arm-none.win32_1.13.1.201701261202/tools/compiler/bin/../lib/gcc/arm-none-eabi/5.4.1/../../../../arm-none-eabi/lib/armv7e-m/fpu\libm.a(lib_a-e_rem_pio2.o)
                0x08005178                __ieee754_rem_pio2
 .text.__ieee754_sqrt
                0x080055c4      0x1a0 c:/ac6/systemworkbench/plugins/fr.ac6.mcu.externaltools.arm-none.win32_1.13.1.201701261202/tools/compiler/bin/../lib/gcc/arm-none-eabi/5.4.1/../../../../arm-none-eabi/lib/armv7e-m/fpu\libm.a(lib_a-e_sqrt.o)
                0x080055c4                __ieee754_sqrt
 *fill*         0x08005764        0x4 
 .text.__kernel_cos
                0x08005768      0x284 c:/ac6/systemworkbench/plugins/fr.ac6.mcu.externaltools.arm-none.win32_1.13.1.201701261202/tools/compiler/bin/../lib/gcc/arm-none-eabi/5.4.1/../../../../arm-none-eabi/lib/armv7e-m/fpu\libm.a(lib_a-k_cos.o)
                0x08005768                __kernel_cos
 *fill*         0x080059ec        0x4 
 .text.__kernel_rem_pio2
                0x080059f0      0x820 c:/ac6/systemworkbench/plugins/fr.ac6.mcu.externaltools.arm-none.win32_1.13.1.201701261202/tools/compiler/bin/../lib/gcc/arm-none-eabi/5.4.1/../../../../arm-none-eabi/lib/armv7e-m/fpu\libm.a(lib_a-k_rem_pio2.o)
                0x080059f0                __kernel_rem_pio2
 .text.__kernel_sin
                0x08006210      0x194 c:/ac6/systemworkbench/plugins/fr.ac6.mcu.externaltools.arm-none.win32_1.13.1.201701261202/tools/compiler/bin/../lib/gcc/arm-none-eabi/5.4.1/../../../../arm-none-eabi/lib/armv7e-m/fpu\libm.a(lib_a-k_sin.o)
                0x08006210                __kernel_sin
 *fill*         0x080063a4        0x4 
 .text.atan     0x080063a8      0x378 c:/ac6/systemworkbench/plugins/fr.ac6.mcu.externaltools.arm-none.win32_1.13.1.201701261202/tools/compiler/bin/../lib/gcc/arm-none-eabi/5.4.1/../../../../arm-none-eabi/lib/armv7e-m/fpu\libm.a(lib_a-s_atan.o)
                0x080063a8                atan
 .text.fabs     0x08006720       0x10 c:/ac6/systemworkbench/plugins/fr.ac6.mcu.externaltools.arm-none.win32_1.13.1.201701261202/tools/compiler/bin/../lib/gcc/arm-none-eabi/5.4.1/../../../../arm-none-eabi/lib/armv7e-m/fpu\libm.a(lib_a-s_fabs.o)
                0x08006720                fabs
 .text.floor    0x08006730      0x120 c:/ac6/systemworkbench/plugins/fr.ac6.mcu.externaltools.arm-none.win32_1.13.1.201701261202/tools/compiler/bin/../lib/gcc/arm-none-eabi/5.4.1/../../../../arm-none-eabi/lib/armv7e-m/fpu\libm.a(lib_a-s_floor.o)
                0x08006730                floor
 .text.matherr  0x08006850        0x4 c:/ac6/systemworkbench/plugins/fr.ac6.mcu.externaltools.arm-none.win32_1.13.1.201701261202/tools/compiler/bin/../lib/gcc/arm-none-eabi/5.4.1/../../../../arm-none-eabi/lib/armv7e-m/fpu\libm.a(lib_a-s_matherr.o)
                0x08006850                matherr
 *fill*         0x08006854        0x4 
 .text.nan      0x08006858       0x10 c:/ac6/systemworkbench/plugins/fr.ac6.mcu.externaltools.arm-none.win32_1.13.1.201701261202/tools/compiler/bin/../lib/gcc/arm-none-eabi/5.4.1/../../../../arm-none-eabi/lib/armv7e-m/fpu\libm.a(lib_a-s_nan.o)
                0x08006858                nan
 .text.scalbn   0x08006868      0x10c c:/ac6/systemworkbench/plugins/fr.ac6.mcu.externaltools.arm-none.win32_1.13.1.201701261202/tools/compiler/bin/../lib/gcc/arm-none-eabi/5.4.1/../../../../arm-none-eabi/lib/armv7e-m/fpu\libm.a(lib_a-s_scalbn.o)
                0x08006868                scalbn
 .text.copysign
                0x08006974       0x1c c:/ac6/systemworkbench/plugins/fr.ac6.mcu.externaltools.arm-none.win32_1.13.1.201701261202/tools/compiler/bin/../lib/gcc/arm-none-eabi/5.4.1/../../../../arm-none-eabi/lib/armv7e-m/fpu\libm.a(lib_a-s_copysign.o)
                0x08006974                copysign
 .text.__errno  0x08006990        0xc c:/ac6/systemworkbench/plugins/fr.ac6.mcu.externaltools.arm-none.win32_1.13.1.201701261202/tools/compiler/bin/../lib/gcc/arm-none-eabi/5.4.1/../../../../arm-none-eabi/lib/armv7e-m/fpu\libc_nano.a(lib_a-errno.o)
                0x08006990                __errno
 .text.__libc_init_array
                0x0800699c       0x4c c:/ac6/systemworkbench/plugins/fr.ac6.mcu.externaltools.arm-none.win32_1.13.1.201701261202/tools/compiler/bin/../lib/gcc/arm-none-eabi/5.4.1/../../../../arm-none-eabi/lib/armv7e-m/fpu\libc_nano.a(lib_a-init.o)
                0x0800699c                __libc_init_array
 .text.memcpy   0x080069e8       0x16 c:/ac6/systemworkbench/plugins/fr.ac6.mcu.externaltools.arm-none.win32_1.13.1.201701261202/tools/compiler/bin/../lib/gcc/arm-none-eabi/5.4.1/../../../../arm-none-eabi/lib/armv7e-m/fpu\libc_nano.a(lib_a-memcpy-stub.o)
                0x080069e8                memcpy
 .text.memset   0x080069fe       0x10 c:/ac6/systemworkbench/plugins/fr.ac6.mcu.externaltools.arm-none.win32_1.13.1.201701261202/tools/compiler/bin/../lib/gcc/arm-none-eabi/5.4.1/../../../../arm-none-eabi/lib/armv7e-m/fpu\libc_nano.a(lib_a-memset.o)
                0x080069fe                memset
 .text.__cvt    0x08006a0e       0xc8 c:/ac6/systemworkbench/plugins/fr.ac6.mcu.externaltools.arm-none.win32_1.13.1.201701261202/tools/compiler/bin/../lib/gcc/arm-none-eabi/5.4.1/../../../../arm-none-eabi/lib/armv7e-m/fpu\libc_nano.a(lib_a-nano-vfprintf_float.o)
                0x08006a0e                __cvt
 .text.__exponent
                0x08006ad6       0x60 c:/ac6/systemworkbench/plugins/fr.ac6.mcu.externaltools.arm-none.win32_1.13.1.201701261202/tools/compiler/bin/../lib/gcc/arm-none-eabi/5.4.1/../../../../arm-none-eabi/lib/armv7e-m/fpu\libc_nano.a(lib_a-nano-vfprintf_float.o)
                0x08006ad6                __exponent
 *fill*         0x08006b36        0x2 
 .text._printf_float
                0x08006b38      0x47c c:/ac6/systemworkbench/plugins/fr.ac6.mcu.externaltools.arm-none.win32_1.13.1.201701261202/tools/compiler/bin/../lib/gcc/arm-none-eabi/5.4.1/../../../../arm-none-eabi/lib/armv7e-m/fpu\libc_nano.a(lib_a-nano-vfprintf_float.o)
                0x08006b38                _printf_float
 .text._printf_common
                0x08006fb4       0xec c:/ac6/systemworkbench/plugins/fr.ac6.mcu.externaltools.arm-none.win32_1.13.1.201701261202/tools/compiler/bin/../lib/gcc/arm-none-eabi/5.4.1/../../../../arm-none-eabi/lib/armv7e-m/fpu\libc_nano.a(lib_a-nano-vfprintf_i.o)
                0x08006fb4                _printf_common
 .text.quorem   0x080070a0      0x11e c:/ac6/systemworkbench/plugins/fr.ac6.mcu.externaltools.arm-none.win32_1.13.1.201701261202/tools/compiler/bin/../lib/gcc/arm-none-eabi/5.4.1/../../../../arm-none-eabi/lib/armv7e-m/fpu\libc_nano.a(lib_a-dtoa.o)
 *fill*         0x080071be        0x2 
 .text._dtoa_r  0x080071c0      0xb40 c:/ac6/systemworkbench/plugins/fr.ac6.mcu.externaltools.arm-none.win32_1.13.1.201701261202/tools/compiler/bin/../lib/gcc/arm-none-eabi/5.4.1/../../../../arm-none-eabi/lib/armv7e-m/fpu\libc_nano.a(lib_a-dtoa.o)
                0x080071c0                _dtoa_r
 .text._localeconv_r
                0x08007d00       0x1c c:/ac6/systemworkbench/plugins/fr.ac6.mcu.externaltools.arm-none.win32_1.13.1.201701261202/tools/compiler/bin/../lib/gcc/arm-none-eabi/5.4.1/../../../../arm-none-eabi/lib/armv7e-m/fpu\libc_nano.a(lib_a-localeconv.o)
                0x08007d00                _localeconv_r
 .text.malloc   0x08007d1c       0x10 c:/ac6/systemworkbench/plugins/fr.ac6.mcu.externaltools.arm-none.win32_1.13.1.201701261202/tools/compiler/bin/../lib/gcc/arm-none-eabi/5.4.1/../../../../arm-none-eabi/lib/armv7e-m/fpu\libc_nano.a(lib_a-malloc.o)
                0x08007d1c                malloc
 .text._Balloc  0x08007d2c       0x6a c:/ac6/systemworkbench/plugins/fr.ac6.mcu.externaltools.arm-none.win32_1.13.1.201701261202/tools/compiler/bin/../lib/gcc/arm-none-eabi/5.4.1/../../../../arm-none-eabi/lib/armv7e-m/fpu\libc_nano.a(lib_a-mprec.o)
                0x08007d2c                _Balloc
 .text._Bfree   0x08007d96       0x2e c:/ac6/systemworkbench/plugins/fr.ac6.mcu.externaltools.arm-none.win32_1.13.1.201701261202/tools/compiler/bin/../lib/gcc/arm-none-eabi/5.4.1/../../../../arm-none-eabi/lib/armv7e-m/fpu\libc_nano.a(lib_a-mprec.o)
                0x08007d96                _Bfree
 .text.__multadd
                0x08007dc4       0x76 c:/ac6/systemworkbench/plugins/fr.ac6.mcu.externaltools.arm-none.win32_1.13.1.201701261202/tools/compiler/bin/../lib/gcc/arm-none-eabi/5.4.1/../../../../arm-none-eabi/lib/armv7e-m/fpu\libc_nano.a(lib_a-mprec.o)
                0x08007dc4                __multadd
 .text.__hi0bits
                0x08007e3a       0x40 c:/ac6/systemworkbench/plugins/fr.ac6.mcu.externaltools.arm-none.win32_1.13.1.201701261202/tools/compiler/bin/../lib/gcc/arm-none-eabi/5.4.1/../../../../arm-none-eabi/lib/armv7e-m/fpu\libc_nano.a(lib_a-mprec.o)
                0x08007e3a                __hi0bits
 .text.__lo0bits
                0x08007e7a       0x5a c:/ac6/systemworkbench/plugins/fr.ac6.mcu.externaltools.arm-none.win32_1.13.1.201701261202/tools/compiler/bin/../lib/gcc/arm-none-eabi/5.4.1/../../../../arm-none-eabi/lib/armv7e-m/fpu\libc_nano.a(lib_a-mprec.o)
                0x08007e7a                __lo0bits
 .text.__i2b    0x08007ed4       0x12 c:/ac6/systemworkbench/plugins/fr.ac6.mcu.externaltools.arm-none.win32_1.13.1.201701261202/tools/compiler/bin/../lib/gcc/arm-none-eabi/5.4.1/../../../../arm-none-eabi/lib/armv7e-m/fpu\libc_nano.a(lib_a-mprec.o)
                0x08007ed4                __i2b
 .text.__multiply
                0x08007ee6      0x122 c:/ac6/systemworkbench/plugins/fr.ac6.mcu.externaltools.arm-none.win32_1.13.1.201701261202/tools/compiler/bin/../lib/gcc/arm-none-eabi/5.4.1/../../../../arm-none-eabi/lib/armv7e-m/fpu\libc_nano.a(lib_a-mprec.o)
                0x08007ee6                __multiply
 .text.__pow5mult
                0x08008008       0x9c c:/ac6/systemworkbench/plugins/fr.ac6.mcu.externaltools.arm-none.win32_1.13.1.201701261202/tools/compiler/bin/../lib/gcc/arm-none-eabi/5.4.1/../../../../arm-none-eabi/lib/armv7e-m/fpu\libc_nano.a(lib_a-mprec.o)
                0x08008008                __pow5mult
 .text.__lshift
                0x080080a4       0xa2 c:/ac6/systemworkbench/plugins/fr.ac6.mcu.externaltools.arm-none.win32_1.13.1.201701261202/tools/compiler/bin/../lib/gcc/arm-none-eabi/5.4.1/../../../../arm-none-eabi/lib/armv7e-m/fpu\libc_nano.a(lib_a-mprec.o)
                0x080080a4                __lshift
 .text.__mcmp   0x08008146       0x38 c:/ac6/systemworkbench/plugins/fr.ac6.mcu.externaltools.arm-none.win32_1.13.1.201701261202/tools/compiler/bin/../lib/gcc/arm-none-eabi/5.4.1/../../../../arm-none-eabi/lib/armv7e-m/fpu\libc_nano.a(lib_a-mprec.o)
                0x08008146                __mcmp
 .text.__mdiff  0x0800817e       0xbe c:/ac6/systemworkbench/plugins/fr.ac6.mcu.externaltools.arm-none.win32_1.13.1.201701261202/tools/compiler/bin/../lib/gcc/arm-none-eabi/5.4.1/../../../../arm-none-eabi/lib/armv7e-m/fpu\libc_nano.a(lib_a-mprec.o)
                0x0800817e                __mdiff
 .text.__d2b    0x0800823c       0x9c c:/ac6/systemworkbench/plugins/fr.ac6.mcu.externaltools.arm-none.win32_1.13.1.201701261202/tools/compiler/bin/../lib/gcc/arm-none-eabi/5.4.1/../../../../arm-none-eabi/lib/armv7e-m/fpu\libc_nano.a(lib_a-mprec.o)
                0x0800823c                __d2b
 .text._calloc_r
                0x080082d8       0x1c c:/ac6/systemworkbench/plugins/fr.ac6.mcu.externaltools.arm-none.win32_1.13.1.201701261202/tools/compiler/bin/../lib/gcc/arm-none-eabi/5.4.1/../../../../arm-none-eabi/lib/armv7e-m/fpu\libc_nano.a(lib_a-nano-callocr.o)
                0x080082d8                _calloc_r
 .text._malloc_r
                0x080082f4       0xbc c:/ac6/systemworkbench/plugins/fr.ac6.mcu.externaltools.arm-none.win32_1.13.1.201701261202/tools/compiler/bin/../lib/gcc/arm-none-eabi/5.4.1/../../../../arm-none-eabi/lib/armv7e-m/fpu\libc_nano.a(lib_a-nano-mallocr.o)
                0x080082f4                _malloc_r
 .text._sbrk_r  0x080083b0       0x20 c:/ac6/systemworkbench/plugins/fr.ac6.mcu.externaltools.arm-none.win32_1.13.1.201701261202/tools/compiler/bin/../lib/gcc/arm-none-eabi/5.4.1/../../../../arm-none-eabi/lib/armv7e-m/fpu\libc_nano.a(lib_a-sbrkr.o)
                0x080083b0                _sbrk_r
 .text.__ascii_mbtowc
                0x080083d0       0x24 c:/ac6/systemworkbench/plugins/fr.ac6.mcu.externaltools.arm-none.win32_1.13.1.201701261202/tools/compiler/bin/../lib/gcc/arm-none-eabi/5.4.1/../../../../arm-none-eabi/lib/armv7e-m/fpu\libc_nano.a(lib_a-mbtowc_r.o)
                0x080083d0                __ascii_mbtowc
 .text.__malloc_lock
                0x080083f4        0x2 c:/ac6/systemworkbench/plugins/fr.ac6.mcu.externaltools.arm-none.win32_1.13.1.201701261202/tools/compiler/bin/../lib/gcc/arm-none-eabi/5.4.1/../../../../arm-none-eabi/lib/armv7e-m/fpu\libc_nano.a(lib_a-mlock.o)
                0x080083f4                __malloc_lock
 .text.__malloc_unlock
                0x080083f6        0x2 c:/ac6/systemworkbench/plugins/fr.ac6.mcu.externaltools.arm-none.win32_1.13.1.201701261202/tools/compiler/bin/../lib/gcc/arm-none-eabi/5.4.1/../../../../arm-none-eabi/lib/armv7e-m/fpu\libc_nano.a(lib_a-mlock.o)
                0x080083f6                __malloc_unlock
 .text.__ascii_wctomb
                0x080083f8       0x1a c:/ac6/systemworkbench/plugins/fr.ac6.mcu.externaltools.arm-none.win32_1.13.1.201701261202/tools/compiler/bin/../lib/gcc/arm-none-eabi/5.4.1/../../../../arm-none-eabi/lib/armv7e-m/fpu\libc_nano.a(lib_a-wctomb_r.o)
                0x080083f8                __ascii_wctomb
 *fill*         0x08008412        0x2 
 .text._sbrk    0x08008414       0x1c c:/ac6/systemworkbench/plugins/fr.ac6.mcu.externaltools.arm-none.win32_1.13.1.201701261202/tools/compiler/bin/../lib/gcc/arm-none-eabi/5.4.1/../../../../arm-none-eabi/lib/armv7e-m/fpu\libnosys.a(sbrk.o)
                0x08008414                _sbrk
 *(.glue_7)
 .glue_7        0x08008430        0x0 linker stubs
 *(.glue_7t)
 .glue_7t       0x08008430        0x0 linker stubs
 *(.eh_frame)
 .eh_frame      0x08008430        0x0 c:/ac6/systemworkbench/plugins/fr.ac6.mcu.externaltools.arm-none.win32_1.13.1.201701261202/tools/compiler/bin/../lib/gcc/arm-none-eabi/5.4.1/armv7e-m/fpu/crtbegin.o
 *(.init)
 .init          0x08008430        0x4 c:/ac6/systemworkbench/plugins/fr.ac6.mcu.externaltools.arm-none.win32_1.13.1.201701261202/tools/compiler/bin/../lib/gcc/arm-none-eabi/5.4.1/armv7e-m/fpu/crti.o
                0x08008430                _init
 .init          0x08008434        0x8 c:/ac6/systemworkbench/plugins/fr.ac6.mcu.externaltools.arm-none.win32_1.13.1.201701261202/tools/compiler/bin/../lib/gcc/arm-none-eabi/5.4.1/armv7e-m/fpu/crtn.o
 *(.fini)
 .fini          0x0800843c        0x4 c:/ac6/systemworkbench/plugins/fr.ac6.mcu.externaltools.arm-none.win32_1.13.1.201701261202/tools/compiler/bin/../lib/gcc/arm-none-eabi/5.4.1/armv7e-m/fpu/crti.o
                0x0800843c                _fini
 .fini          0x08008440        0x8 c:/ac6/systemworkbench/plugins/fr.ac6.mcu.externaltools.arm-none.win32_1.13.1.201701261202/tools/compiler/bin/../lib/gcc/arm-none-eabi/5.4.1/armv7e-m/fpu/crtn.o
                0x08008448                . = ALIGN (0x4)
                0x08008448                _etext = .

.vfp11_veneer   0x08008448        0x0
 .vfp11_veneer  0x08008448        0x0 linker stubs

.v4_bx          0x08008448        0x0
 .v4_bx         0x08008448        0x0 linker stubs

.iplt           0x08008448        0x0
 .iplt          0x08008448        0x0 c:/ac6/systemworkbench/plugins/fr.ac6.mcu.externaltools.arm-none.win32_1.13.1.201701261202/tools/compiler/bin/../lib/gcc/arm-none-eabi/5.4.1/armv7e-m/fpu/crtbegin.o

.rodata         0x08008448      0x528
                0x08008448                . = ALIGN (0x4)
 *(.rodata)
 .rodata        0x08008448       0x3c Application/User/main.o
 .rodata        0x08008484       0x10 Drivers/STM32F4xx_HAL_Driver/stm32f4xx_hal_rcc.o
                0x08008484                APBAHBPrescTable
 *(.rodata*)
 .rodata.str1.1
                0x08008494       0x21 Application/User/main.o
 .rodata.str1.1
                0x080084b5        0x5 Middlewares/FreeRTOS/tasks.o
 *fill*         0x080084ba        0x2 
 .rodata.str1.4
                0x080084bc        0x5 c:/ac6/systemworkbench/plugins/fr.ac6.mcu.externaltools.arm-none.win32_1.13.1.201701261202/tools/compiler/bin/../lib/gcc/arm-none-eabi/5.4.1/../../../../arm-none-eabi/lib/armv7e-m/fpu\libm.a(lib_a-w_asin.o)
                                  0x9 (size before relaxing)
 *fill*         0x080084c1        0x3 
 .rodata.str1.4
                0x080084c4        0x8 c:/ac6/systemworkbench/plugins/fr.ac6.mcu.externaltools.arm-none.win32_1.13.1.201701261202/tools/compiler/bin/../lib/gcc/arm-none-eabi/5.4.1/../../../../arm-none-eabi/lib/armv7e-m/fpu\libm.a(lib_a-w_sqrt.o)
                                  0x5 (size before relaxing)
 .rodata.npio2_hw
                0x080084cc       0x80 c:/ac6/systemworkbench/plugins/fr.ac6.mcu.externaltools.arm-none.win32_1.13.1.201701261202/tools/compiler/bin/../lib/gcc/arm-none-eabi/5.4.1/../../../../arm-none-eabi/lib/armv7e-m/fpu\libm.a(lib_a-e_rem_pio2.o)
 .rodata.two_over_pi
                0x0800854c      0x108 c:/ac6/systemworkbench/plugins/fr.ac6.mcu.externaltools.arm-none.win32_1.13.1.201701261202/tools/compiler/bin/../lib/gcc/arm-none-eabi/5.4.1/../../../../arm-none-eabi/lib/armv7e-m/fpu\libm.a(lib_a-e_rem_pio2.o)
 .rodata.init_jk
                0x08008654       0x10 c:/ac6/systemworkbench/plugins/fr.ac6.mcu.externaltools.arm-none.win32_1.13.1.201701261202/tools/compiler/bin/../lib/gcc/arm-none-eabi/5.4.1/../../../../arm-none-eabi/lib/armv7e-m/fpu\libm.a(lib_a-k_rem_pio2.o)
 *fill*         0x08008664        0x4 
 .rodata.PIo2   0x08008668       0x40 c:/ac6/systemworkbench/plugins/fr.ac6.mcu.externaltools.arm-none.win32_1.13.1.201701261202/tools/compiler/bin/../lib/gcc/arm-none-eabi/5.4.1/../../../../arm-none-eabi/lib/armv7e-m/fpu\libm.a(lib_a-k_rem_pio2.o)
 .rodata.atanlo
                0x080086a8       0x20 c:/ac6/systemworkbench/plugins/fr.ac6.mcu.externaltools.arm-none.win32_1.13.1.201701261202/tools/compiler/bin/../lib/gcc/arm-none-eabi/5.4.1/../../../../arm-none-eabi/lib/armv7e-m/fpu\libm.a(lib_a-s_atan.o)
 .rodata.atanhi
                0x080086c8       0x20 c:/ac6/systemworkbench/plugins/fr.ac6.mcu.externaltools.arm-none.win32_1.13.1.201701261202/tools/compiler/bin/../lib/gcc/arm-none-eabi/5.4.1/../../../../arm-none-eabi/lib/armv7e-m/fpu\libm.a(lib_a-s_atan.o)
 .rodata.str1.1
                0x080086e8       0x12 c:/ac6/systemworkbench/plugins/fr.ac6.mcu.externaltools.arm-none.win32_1.13.1.201701261202/tools/compiler/bin/../lib/gcc/arm-none-eabi/5.4.1/../../../../arm-none-eabi/lib/armv7e-m/fpu\libc_nano.a(lib_a-nano-vfprintf_float.o)
 .rodata.str1.1
                0x080086fa        0xd c:/ac6/systemworkbench/plugins/fr.ac6.mcu.externaltools.arm-none.win32_1.13.1.201701261202/tools/compiler/bin/../lib/gcc/arm-none-eabi/5.4.1/../../../../arm-none-eabi/lib/armv7e-m/fpu\libc_nano.a(lib_a-dtoa.o)
                                  0xf (size before relaxing)
 *fill*         0x08008707        0x1 
 .rodata.__sf_fake_stdin
                0x08008708       0x20 c:/ac6/systemworkbench/plugins/fr.ac6.mcu.externaltools.arm-none.win32_1.13.1.201701261202/tools/compiler/bin/../lib/gcc/arm-none-eabi/5.4.1/../../../../arm-none-eabi/lib/armv7e-m/fpu\libc_nano.a(lib_a-findfp.o)
                0x08008708                __sf_fake_stdin
 .rodata.__sf_fake_stdout
                0x08008728       0x20 c:/ac6/systemworkbench/plugins/fr.ac6.mcu.externaltools.arm-none.win32_1.13.1.201701261202/tools/compiler/bin/../lib/gcc/arm-none-eabi/5.4.1/../../../../arm-none-eabi/lib/armv7e-m/fpu\libc_nano.a(lib_a-findfp.o)
                0x08008728                __sf_fake_stdout
 .rodata.__sf_fake_stderr
                0x08008748       0x20 c:/ac6/systemworkbench/plugins/fr.ac6.mcu.externaltools.arm-none.win32_1.13.1.201701261202/tools/compiler/bin/../lib/gcc/arm-none-eabi/5.4.1/../../../../arm-none-eabi/lib/armv7e-m/fpu\libc_nano.a(lib_a-findfp.o)
                0x08008748                __sf_fake_stderr
 .rodata.__mprec_tens
                0x08008768       0xc8 c:/ac6/systemworkbench/plugins/fr.ac6.mcu.externaltools.arm-none.win32_1.13.1.201701261202/tools/compiler/bin/../lib/gcc/arm-none-eabi/5.4.1/../../../../arm-none-eabi/lib/armv7e-m/fpu\libc_nano.a(lib_a-mprec.o)
                0x08008768                __mprec_tens
 .rodata.__mprec_bigtens
                0x08008830       0x28 c:/ac6/systemworkbench/plugins/fr.ac6.mcu.externaltools.arm-none.win32_1.13.1.201701261202/tools/compiler/bin/../lib/gcc/arm-none-eabi/5.4.1/../../../../arm-none-eabi/lib/armv7e-m/fpu\libc_nano.a(lib_a-mprec.o)
                0x08008830                __mprec_bigtens
 .rodata.p05.6099
                0x08008858        0xc c:/ac6/systemworkbench/plugins/fr.ac6.mcu.externaltools.arm-none.win32_1.13.1.201701261202/tools/compiler/bin/../lib/gcc/arm-none-eabi/5.4.1/../../../../arm-none-eabi/lib/armv7e-m/fpu\libc_nano.a(lib_a-mprec.o)
 .rodata.str1.1
                0x08008864        0xa c:/ac6/systemworkbench/plugins/fr.ac6.mcu.externaltools.arm-none.win32_1.13.1.201701261202/tools/compiler/bin/../lib/gcc/arm-none-eabi/5.4.1/../../../../arm-none-eabi/lib/armv7e-m/fpu\libc_nano.a(lib_a-locale.o)
                                  0xb (size before relaxing)
 .rodata._ctype_
                0x0800886e      0x101 c:/ac6/systemworkbench/plugins/fr.ac6.mcu.externaltools.arm-none.win32_1.13.1.201701261202/tools/compiler/bin/../lib/gcc/arm-none-eabi/5.4.1/../../../../arm-none-eabi/lib/armv7e-m/fpu\libc_nano.a(lib_a-ctype_.o)
                0x0800886e                _ctype_
                0x08008970                . = ALIGN (0x4)
 *fill*         0x0800896f        0x1 

.rel.dyn        0x08008970        0x0
 .rel.iplt      0x08008970        0x0 c:/ac6/systemworkbench/plugins/fr.ac6.mcu.externaltools.arm-none.win32_1.13.1.201701261202/tools/compiler/bin/../lib/gcc/arm-none-eabi/5.4.1/armv7e-m/fpu/crtbegin.o

.ARM.extab
 *(.ARM.extab* .gnu.linkonce.armextab.*)

.ARM            0x08008970        0x0
                0x08008970                __exidx_start = .
 *(.ARM.exidx*)
                0x08008970                __exidx_end = .

.preinit_array  0x08008970        0x0
                0x08008970                PROVIDE (__preinit_array_start, .)
 *(.preinit_array*)
                0x08008970                PROVIDE (__preinit_array_end, .)

.init_array     0x08008970        0x4
                0x08008970                PROVIDE (__init_array_start, .)
 *(SORT(.init_array.*))
 *(.init_array*)
 .init_array    0x08008970        0x4 c:/ac6/systemworkbench/plugins/fr.ac6.mcu.externaltools.arm-none.win32_1.13.1.201701261202/tools/compiler/bin/../lib/gcc/arm-none-eabi/5.4.1/armv7e-m/fpu/crtbegin.o
                0x08008974                PROVIDE (__init_array_end, .)

.fini_array     0x08008974        0x4
                [!provide]                PROVIDE (__fini_array_start, .)
 *(SORT(.fini_array.*))
 *(.fini_array*)
 .fini_array    0x08008974        0x4 c:/ac6/systemworkbench/plugins/fr.ac6.mcu.externaltools.arm-none.win32_1.13.1.201701261202/tools/compiler/bin/../lib/gcc/arm-none-eabi/5.4.1/armv7e-m/fpu/crtbegin.o
                [!provide]                PROVIDE (__fini_array_end, .)
                0x08008978                _sidata = LOADADDR (.data)

.data           0x20000000      0x1dc load address 0x08008978
                0x20000000                . = ALIGN (0x4)
                0x20000000                _sdata = .
 *(.data)
 .data          0x20000000        0x4 Drivers/CMSIS/system_stm32f4xx.o
                0x20000000                SystemCoreClock
 .data          0x20000004        0x4 Middlewares/FreeRTOS/port.o
 *(.data*)
 .data.__fdlib_version
                0x20000008        0x1 c:/ac6/systemworkbench/plugins/fr.ac6.mcu.externaltools.arm-none.win32_1.13.1.201701261202/tools/compiler/bin/../lib/gcc/arm-none-eabi/5.4.1/../../../../arm-none-eabi/lib/armv7e-m/fpu\libm.a(lib_a-s_lib_ver.o)
                0x20000008                __fdlib_version
 *fill*         0x20000009        0x3 
 .data.impure_data
                0x2000000c       0x60 c:/ac6/systemworkbench/plugins/fr.ac6.mcu.externaltools.arm-none.win32_1.13.1.201701261202/tools/compiler/bin/../lib/gcc/arm-none-eabi/5.4.1/../../../../arm-none-eabi/lib/armv7e-m/fpu\libc_nano.a(lib_a-impure.o)
 .data._impure_ptr
                0x2000006c        0x4 c:/ac6/systemworkbench/plugins/fr.ac6.mcu.externaltools.arm-none.win32_1.13.1.201701261202/tools/compiler/bin/../lib/gcc/arm-none-eabi/5.4.1/../../../../arm-none-eabi/lib/armv7e-m/fpu\libc_nano.a(lib_a-impure.o)
                0x2000006c                _impure_ptr
 .data.__global_locale
                0x20000070      0x16c c:/ac6/systemworkbench/plugins/fr.ac6.mcu.externaltools.arm-none.win32_1.13.1.201701261202/tools/compiler/bin/../lib/gcc/arm-none-eabi/5.4.1/../../../../arm-none-eabi/lib/armv7e-m/fpu\libc_nano.a(lib_a-locale.o)
                0x20000070                __global_locale
                0x200001dc                . = ALIGN (0x4)
                0x200001dc                _edata = .
                0x08008b54                _siccmram = LOADADDR (.ccmram)

.jcr            0x200001dc        0x0 load address 0x08008b54
 .jcr           0x200001dc        0x0 c:/ac6/systemworkbench/plugins/fr.ac6.mcu.externaltools.arm-none.win32_1.13.1.201701261202/tools/compiler/bin/../lib/gcc/arm-none-eabi/5.4.1/armv7e-m/fpu/crtbegin.o

.igot.plt       0x200001dc        0x0 load address 0x08008b54
 .igot.plt      0x200001dc        0x0 c:/ac6/systemworkbench/plugins/fr.ac6.mcu.externaltools.arm-none.win32_1.13.1.201701261202/tools/compiler/bin/../lib/gcc/arm-none-eabi/5.4.1/armv7e-m/fpu/crtbegin.o

.ccmram         0x10000000        0x0 load address 0x08008b54
                0x10000000                . = ALIGN (0x4)
                0x10000000                _sccmram = .
 *(.ccmram)
 *(.ccmram*)
                0x10000000                . = ALIGN (0x4)
                0x10000000                _eccmram = .
                0x10000000                . = ALIGN (0x4)

.bss            0x200001dc     0x3f64
                0x200001dc                _sbss = .
                0x200001dc                __bss_start__ = _sbss
 *(.bss)
 .bss           0x200001dc       0x1c c:/ac6/systemworkbench/plugins/fr.ac6.mcu.externaltools.arm-none.win32_1.13.1.201701261202/tools/compiler/bin/../lib/gcc/arm-none-eabi/5.4.1/armv7e-m/fpu/crtbegin.o
 .bss           0x200001f8       0x35 Application/User/main.o
                0x200001f8                GyroOffset
                0x20000200                Yaw
                0x20000204                Roll
                0x20000208                Roll_e
                0x20000214                Pitch
                0x20000218                Pitch_e
                0x20000226                AccOffset
                0x2000022c                DataIsReady
 *fill*         0x2000022d        0x3 
 .bss           0x20000230     0x3c18 Middlewares/FreeRTOS/heap_4.o
 .bss           0x20003e48        0x8 Middlewares/FreeRTOS/port.o
 .bss           0x20003e50      0x128 Middlewares/FreeRTOS/tasks.o
                0x20003e58                pxCurrentTCB
 *(.bss*)
 .bss.__malloc_sbrk_start
                0x20003f78        0x4 c:/ac6/systemworkbench/plugins/fr.ac6.mcu.externaltools.arm-none.win32_1.13.1.201701261202/tools/compiler/bin/../lib/gcc/arm-none-eabi/5.4.1/../../../../arm-none-eabi/lib/armv7e-m/fpu\libc_nano.a(lib_a-nano-mallocr.o)
                0x20003f78                __malloc_sbrk_start
 .bss.__malloc_free_list
                0x20003f7c        0x4 c:/ac6/systemworkbench/plugins/fr.ac6.mcu.externaltools.arm-none.win32_1.13.1.201701261202/tools/compiler/bin/../lib/gcc/arm-none-eabi/5.4.1/../../../../arm-none-eabi/lib/armv7e-m/fpu\libc_nano.a(lib_a-nano-mallocr.o)
                0x20003f7c                __malloc_free_list
 .bss.heap_end.4169
                0x20003f80        0x4 c:/ac6/systemworkbench/plugins/fr.ac6.mcu.externaltools.arm-none.win32_1.13.1.201701261202/tools/compiler/bin/../lib/gcc/arm-none-eabi/5.4.1/../../../../arm-none-eabi/lib/armv7e-m/fpu\libnosys.a(sbrk.o)
 *(COMMON)
 COMMON         0x20003f84      0x1b2 Application/User/main.o
                0x20003f84                ReadSensorHandle
                0x20003f88                AccDCM
                0x20003fac                AccRawData
                0x20003fb4                htim4
                0x20003ff0                setRoll
                0x20003ff4                GyroDCM
                0x20004018                u2txbuf
                0x2000407c                PrintDataHandle
                0x20004080                GyroRawData
                0x20004086                pwmDutyY
                0x20004088                time
                0x2000408c                RxBuf
                0x20004090                time_s
                0x20004094                hspi1
                0x200040ec                huart2
                0x2000412c                AttitudeCalHandle
                0x20004130                setPitch
                0x20004134                pwmDutyX
 *fill*         0x20004136        0x2 
 COMMON         0x20004138        0x4 Drivers/STM32F4xx_HAL_Driver/stm32f4xx_hal.o
                0x20004138                uwTick
 COMMON         0x2000413c        0x4 c:/ac6/systemworkbench/plugins/fr.ac6.mcu.externaltools.arm-none.win32_1.13.1.201701261202/tools/compiler/bin/../lib/gcc/arm-none-eabi/5.4.1/../../../../arm-none-eabi/lib/armv7e-m/fpu\libc_nano.a(lib_a-reent.o)
                0x2000413c                errno
                0x20004140                . = ALIGN (0x4)
                0x20004140                _ebss = .
                0x20004140                __bss_end__ = _ebss

._user_heap_stack
                0x20004140      0x600
                0x20004140                . = ALIGN (0x8)
                0x20004140                PROVIDE (end, .)
                [!provide]                PROVIDE (_end, .)
                0x20004340                . = (. + _Min_Heap_Size)
 *fill*         0x20004140      0x200 
                0x20004740                . = (. + _Min_Stack_Size)
 *fill*         0x20004340      0x400 
                0x20004740                . = ALIGN (0x8)

/DISCARD/
 libc.a(*)
 libm.a(*)
 libgcc.a(*)

.ARM.attributes
                0x00000000       0x30
 *(.ARM.attributes)
 .ARM.attributes
                0x00000000       0x22 c:/ac6/systemworkbench/plugins/fr.ac6.mcu.externaltools.arm-none.win32_1.13.1.201701261202/tools/compiler/bin/../lib/gcc/arm-none-eabi/5.4.1/armv7e-m/fpu/crti.o
 .ARM.attributes
                0x00000022       0x34 c:/ac6/systemworkbench/plugins/fr.ac6.mcu.externaltools.arm-none.win32_1.13.1.201701261202/tools/compiler/bin/../lib/gcc/arm-none-eabi/5.4.1/armv7e-m/fpu/crtbegin.o
 .ARM.attributes
                0x00000056       0x21 Application/SW4STM32/startup_stm32f407xx.o
 .ARM.attributes
                0x00000077       0x39 Application/User/I2C_Software_Master.o
 .ARM.attributes
                0x000000b0       0x39 Application/User/main.o
 .ARM.attributes
                0x000000e9       0x39 Application/User/matrix.o
 .ARM.attributes
                0x00000122       0x39 Application/User/stm32f4xx_hal_msp.o
 .ARM.attributes
                0x0000015b       0x39 Application/User/stm32f4xx_it.o
 .ARM.attributes
                0x00000194       0x39 Drivers/CMSIS/system_stm32f4xx.o
 .ARM.attributes
                0x000001cd       0x39 Drivers/STM32F4xx_HAL_Driver/stm32f4xx_hal.o
 .ARM.attributes
                0x00000206       0x39 Drivers/STM32F4xx_HAL_Driver/stm32f4xx_hal_cortex.o
 .ARM.attributes
                0x0000023f       0x39 Drivers/STM32F4xx_HAL_Driver/stm32f4xx_hal_dma.o
 .ARM.attributes
                0x00000278       0x39 Drivers/STM32F4xx_HAL_Driver/stm32f4xx_hal_gpio.o
 .ARM.attributes
                0x000002b1       0x39 Drivers/STM32F4xx_HAL_Driver/stm32f4xx_hal_rcc.o
 .ARM.attributes
                0x000002ea       0x39 Drivers/STM32F4xx_HAL_Driver/stm32f4xx_hal_spi.o
 .ARM.attributes
                0x00000323       0x39 Drivers/STM32F4xx_HAL_Driver/stm32f4xx_hal_tim.o
 .ARM.attributes
                0x0000035c       0x39 Drivers/STM32F4xx_HAL_Driver/stm32f4xx_hal_tim_ex.o
 .ARM.attributes
                0x00000395       0x39 Drivers/STM32F4xx_HAL_Driver/stm32f4xx_hal_uart.o
 .ARM.attributes
                0x000003ce       0x39 Middlewares/FreeRTOS/cmsis_os.o
 .ARM.attributes
                0x00000407       0x39 Middlewares/FreeRTOS/heap_4.o
 .ARM.attributes
                0x00000440       0x39 Middlewares/FreeRTOS/list.o
 .ARM.attributes
                0x00000479       0x39 Middlewares/FreeRTOS/port.o
 .ARM.attributes
                0x000004b2       0x39 Middlewares/FreeRTOS/tasks.o
 .ARM.attributes
                0x000004eb       0x34 c:/ac6/systemworkbench/plugins/fr.ac6.mcu.externaltools.arm-none.win32_1.13.1.201701261202/tools/compiler/bin/../lib/gcc/arm-none-eabi/5.4.1/../../../../arm-none-eabi/lib/armv7e-m/fpu\libm.a(lib_a-s_cos.o)
 .ARM.attributes
                0x0000051f       0x34 c:/ac6/systemworkbench/plugins/fr.ac6.mcu.externaltools.arm-none.win32_1.13.1.201701261202/tools/compiler/bin/../lib/gcc/arm-none-eabi/5.4.1/../../../../arm-none-eabi/lib/armv7e-m/fpu\libm.a(lib_a-s_sin.o)
 .ARM.attributes
                0x00000553       0x34 c:/ac6/systemworkbench/plugins/fr.ac6.mcu.externaltools.arm-none.win32_1.13.1.201701261202/tools/compiler/bin/../lib/gcc/arm-none-eabi/5.4.1/../../../../arm-none-eabi/lib/armv7e-m/fpu\libm.a(lib_a-w_asin.o)
 .ARM.attributes
                0x00000587       0x34 c:/ac6/systemworkbench/plugins/fr.ac6.mcu.externaltools.arm-none.win32_1.13.1.201701261202/tools/compiler/bin/../lib/gcc/arm-none-eabi/5.4.1/../../../../arm-none-eabi/lib/armv7e-m/fpu\libm.a(lib_a-w_atan2.o)
 .ARM.attributes
                0x000005bb       0x34 c:/ac6/systemworkbench/plugins/fr.ac6.mcu.externaltools.arm-none.win32_1.13.1.201701261202/tools/compiler/bin/../lib/gcc/arm-none-eabi/5.4.1/../../../../arm-none-eabi/lib/armv7e-m/fpu\libm.a(lib_a-w_sqrt.o)
 .ARM.attributes
                0x000005ef       0x34 c:/ac6/systemworkbench/plugins/fr.ac6.mcu.externaltools.arm-none.win32_1.13.1.201701261202/tools/compiler/bin/../lib/gcc/arm-none-eabi/5.4.1/../../../../arm-none-eabi/lib/armv7e-m/fpu\libm.a(lib_a-e_asin.o)
 .ARM.attributes
                0x00000623       0x34 c:/ac6/systemworkbench/plugins/fr.ac6.mcu.externaltools.arm-none.win32_1.13.1.201701261202/tools/compiler/bin/../lib/gcc/arm-none-eabi/5.4.1/../../../../arm-none-eabi/lib/armv7e-m/fpu\libm.a(lib_a-e_atan2.o)
 .ARM.attributes
                0x00000657       0x34 c:/ac6/systemworkbench/plugins/fr.ac6.mcu.externaltools.arm-none.win32_1.13.1.201701261202/tools/compiler/bin/../lib/gcc/arm-none-eabi/5.4.1/../../../../arm-none-eabi/lib/armv7e-m/fpu\libm.a(lib_a-e_rem_pio2.o)
 .ARM.attributes
                0x0000068b       0x34 c:/ac6/systemworkbench/plugins/fr.ac6.mcu.externaltools.arm-none.win32_1.13.1.201701261202/tools/compiler/bin/../lib/gcc/arm-none-eabi/5.4.1/../../../../arm-none-eabi/lib/armv7e-m/fpu\libm.a(lib_a-e_sqrt.o)
 .ARM.attributes
                0x000006bf       0x34 c:/ac6/systemworkbench/plugins/fr.ac6.mcu.externaltools.arm-none.win32_1.13.1.201701261202/tools/compiler/bin/../lib/gcc/arm-none-eabi/5.4.1/../../../../arm-none-eabi/lib/armv7e-m/fpu\libm.a(lib_a-k_cos.o)
 .ARM.attributes
                0x000006f3       0x34 c:/ac6/systemworkbench/plugins/fr.ac6.mcu.externaltools.arm-none.win32_1.13.1.201701261202/tools/compiler/bin/../lib/gcc/arm-none-eabi/5.4.1/../../../../arm-none-eabi/lib/armv7e-m/fpu\libm.a(lib_a-k_rem_pio2.o)
 .ARM.attributes
                0x00000727       0x34 c:/ac6/systemworkbench/plugins/fr.ac6.mcu.externaltools.arm-none.win32_1.13.1.201701261202/tools/compiler/bin/../lib/gcc/arm-none-eabi/5.4.1/../../../../arm-none-eabi/lib/armv7e-m/fpu\libm.a(lib_a-k_sin.o)
 .ARM.attributes
                0x0000075b       0x34 c:/ac6/systemworkbench/plugins/fr.ac6.mcu.externaltools.arm-none.win32_1.13.1.201701261202/tools/compiler/bin/../lib/gcc/arm-none-eabi/5.4.1/../../../../arm-none-eabi/lib/armv7e-m/fpu\libm.a(lib_a-s_atan.o)
 .ARM.attributes
                0x0000078f       0x34 c:/ac6/systemworkbench/plugins/fr.ac6.mcu.externaltools.arm-none.win32_1.13.1.201701261202/tools/compiler/bin/../lib/gcc/arm-none-eabi/5.4.1/../../../../arm-none-eabi/lib/armv7e-m/fpu\libm.a(lib_a-s_fabs.o)
 .ARM.attributes
                0x000007c3       0x34 c:/ac6/systemworkbench/plugins/fr.ac6.mcu.externaltools.arm-none.win32_1.13.1.201701261202/tools/compiler/bin/../lib/gcc/arm-none-eabi/5.4.1/../../../../arm-none-eabi/lib/armv7e-m/fpu\libm.a(lib_a-s_floor.o)
 .ARM.attributes
                0x000007f7       0x34 c:/ac6/systemworkbench/plugins/fr.ac6.mcu.externaltools.arm-none.win32_1.13.1.201701261202/tools/compiler/bin/../lib/gcc/arm-none-eabi/5.4.1/../../../../arm-none-eabi/lib/armv7e-m/fpu\libm.a(lib_a-s_lib_ver.o)
 .ARM.attributes
                0x0000082b       0x34 c:/ac6/systemworkbench/plugins/fr.ac6.mcu.externaltools.arm-none.win32_1.13.1.201701261202/tools/compiler/bin/../lib/gcc/arm-none-eabi/5.4.1/../../../../arm-none-eabi/lib/armv7e-m/fpu\libm.a(lib_a-s_matherr.o)
 .ARM.attributes
                0x0000085f       0x34 c:/ac6/systemworkbench/plugins/fr.ac6.mcu.externaltools.arm-none.win32_1.13.1.201701261202/tools/compiler/bin/../lib/gcc/arm-none-eabi/5.4.1/../../../../arm-none-eabi/lib/armv7e-m/fpu\libm.a(lib_a-s_nan.o)
 .ARM.attributes
                0x00000893       0x34 c:/ac6/systemworkbench/plugins/fr.ac6.mcu.externaltools.arm-none.win32_1.13.1.201701261202/tools/compiler/bin/../lib/gcc/arm-none-eabi/5.4.1/../../../../arm-none-eabi/lib/armv7e-m/fpu\libm.a(lib_a-s_scalbn.o)
 .ARM.attributes
                0x000008c7       0x34 c:/ac6/systemworkbench/plugins/fr.ac6.mcu.externaltools.arm-none.win32_1.13.1.201701261202/tools/compiler/bin/../lib/gcc/arm-none-eabi/5.4.1/../../../../arm-none-eabi/lib/armv7e-m/fpu\libm.a(lib_a-s_copysign.o)
 .ARM.attributes
                0x000008fb       0x22 c:/ac6/systemworkbench/plugins/fr.ac6.mcu.externaltools.arm-none.win32_1.13.1.201701261202/tools/compiler/bin/../lib/gcc/arm-none-eabi/5.4.1/armv7e-m/fpu\libgcc.a(_arm_addsubdf3.o)
 .ARM.attributes
                0x0000091d       0x22 c:/ac6/systemworkbench/plugins/fr.ac6.mcu.externaltools.arm-none.win32_1.13.1.201701261202/tools/compiler/bin/../lib/gcc/arm-none-eabi/5.4.1/armv7e-m/fpu\libgcc.a(_arm_muldivdf3.o)
 .ARM.attributes
                0x0000093f       0x22 c:/ac6/systemworkbench/plugins/fr.ac6.mcu.externaltools.arm-none.win32_1.13.1.201701261202/tools/compiler/bin/../lib/gcc/arm-none-eabi/5.4.1/armv7e-m/fpu\libgcc.a(_arm_cmpdf2.o)
 .ARM.attributes
                0x00000961       0x22 c:/ac6/systemworkbench/plugins/fr.ac6.mcu.externaltools.arm-none.win32_1.13.1.201701261202/tools/compiler/bin/../lib/gcc/arm-none-eabi/5.4.1/armv7e-m/fpu\libgcc.a(_arm_unorddf2.o)
 .ARM.attributes
                0x00000983       0x22 c:/ac6/systemworkbench/plugins/fr.ac6.mcu.externaltools.arm-none.win32_1.13.1.201701261202/tools/compiler/bin/../lib/gcc/arm-none-eabi/5.4.1/armv7e-m/fpu\libgcc.a(_arm_fixdfsi.o)
 .ARM.attributes
                0x000009a5       0x22 c:/ac6/systemworkbench/plugins/fr.ac6.mcu.externaltools.arm-none.win32_1.13.1.201701261202/tools/compiler/bin/../lib/gcc/arm-none-eabi/5.4.1/armv7e-m/fpu\libgcc.a(_arm_truncdfsf2.o)
 .ARM.attributes
                0x000009c7       0x34 c:/ac6/systemworkbench/plugins/fr.ac6.mcu.externaltools.arm-none.win32_1.13.1.201701261202/tools/compiler/bin/../lib/gcc/arm-none-eabi/5.4.1/../../../../arm-none-eabi/lib/armv7e-m/fpu\libc_nano.a(lib_a-errno.o)
 .ARM.attributes
                0x000009fb       0x34 c:/ac6/systemworkbench/plugins/fr.ac6.mcu.externaltools.arm-none.win32_1.13.1.201701261202/tools/compiler/bin/../lib/gcc/arm-none-eabi/5.4.1/../../../../arm-none-eabi/lib/armv7e-m/fpu\libc_nano.a(lib_a-impure.o)
 .ARM.attributes
                0x00000a2f       0x34 c:/ac6/systemworkbench/plugins/fr.ac6.mcu.externaltools.arm-none.win32_1.13.1.201701261202/tools/compiler/bin/../lib/gcc/arm-none-eabi/5.4.1/../../../../arm-none-eabi/lib/armv7e-m/fpu\libc_nano.a(lib_a-init.o)
 .ARM.attributes
                0x00000a63       0x34 c:/ac6/systemworkbench/plugins/fr.ac6.mcu.externaltools.arm-none.win32_1.13.1.201701261202/tools/compiler/bin/../lib/gcc/arm-none-eabi/5.4.1/../../../../arm-none-eabi/lib/armv7e-m/fpu\libc_nano.a(lib_a-memcpy-stub.o)
 .ARM.attributes
                0x00000a97       0x34 c:/ac6/systemworkbench/plugins/fr.ac6.mcu.externaltools.arm-none.win32_1.13.1.201701261202/tools/compiler/bin/../lib/gcc/arm-none-eabi/5.4.1/../../../../arm-none-eabi/lib/armv7e-m/fpu\libc_nano.a(lib_a-memset.o)
 .ARM.attributes
                0x00000acb       0x34 c:/ac6/systemworkbench/plugins/fr.ac6.mcu.externaltools.arm-none.win32_1.13.1.201701261202/tools/compiler/bin/../lib/gcc/arm-none-eabi/5.4.1/../../../../arm-none-eabi/lib/armv7e-m/fpu\libc_nano.a(lib_a-nano-vfprintf_float.o)
 .ARM.attributes
                0x00000aff       0x34 c:/ac6/systemworkbench/plugins/fr.ac6.mcu.externaltools.arm-none.win32_1.13.1.201701261202/tools/compiler/bin/../lib/gcc/arm-none-eabi/5.4.1/../../../../arm-none-eabi/lib/armv7e-m/fpu\libc_nano.a(lib_a-nano-vfprintf_i.o)
 .ARM.attributes
                0x00000b33       0x1b c:/ac6/systemworkbench/plugins/fr.ac6.mcu.externaltools.arm-none.win32_1.13.1.201701261202/tools/compiler/bin/../lib/gcc/arm-none-eabi/5.4.1/../../../../arm-none-eabi/lib/armv7e-m/fpu\libc_nano.a(lib_a-strlen.o)
 .ARM.attributes
                0x00000b4e       0x34 c:/ac6/systemworkbench/plugins/fr.ac6.mcu.externaltools.arm-none.win32_1.13.1.201701261202/tools/compiler/bin/../lib/gcc/arm-none-eabi/5.4.1/../../../../arm-none-eabi/lib/armv7e-m/fpu\libc_nano.a(lib_a-dtoa.o)
 .ARM.attributes
                0x00000b82       0x34 c:/ac6/systemworkbench/plugins/fr.ac6.mcu.externaltools.arm-none.win32_1.13.1.201701261202/tools/compiler/bin/../lib/gcc/arm-none-eabi/5.4.1/../../../../arm-none-eabi/lib/armv7e-m/fpu\libc_nano.a(lib_a-findfp.o)
 .ARM.attributes
                0x00000bb6       0x34 c:/ac6/systemworkbench/plugins/fr.ac6.mcu.externaltools.arm-none.win32_1.13.1.201701261202/tools/compiler/bin/../lib/gcc/arm-none-eabi/5.4.1/../../../../arm-none-eabi/lib/armv7e-m/fpu\libc_nano.a(lib_a-localeconv.o)
 .ARM.attributes
                0x00000bea       0x34 c:/ac6/systemworkbench/plugins/fr.ac6.mcu.externaltools.arm-none.win32_1.13.1.201701261202/tools/compiler/bin/../lib/gcc/arm-none-eabi/5.4.1/../../../../arm-none-eabi/lib/armv7e-m/fpu\libc_nano.a(lib_a-malloc.o)
 .ARM.attributes
                0x00000c1e       0x34 c:/ac6/systemworkbench/plugins/fr.ac6.mcu.externaltools.arm-none.win32_1.13.1.201701261202/tools/compiler/bin/../lib/gcc/arm-none-eabi/5.4.1/../../../../arm-none-eabi/lib/armv7e-m/fpu\libc_nano.a(lib_a-mprec.o)
 .ARM.attributes
                0x00000c52       0x34 c:/ac6/systemworkbench/plugins/fr.ac6.mcu.externaltools.arm-none.win32_1.13.1.201701261202/tools/compiler/bin/../lib/gcc/arm-none-eabi/5.4.1/../../../../arm-none-eabi/lib/armv7e-m/fpu\libc_nano.a(lib_a-nano-callocr.o)
 .ARM.attributes
                0x00000c86       0x34 c:/ac6/systemworkbench/plugins/fr.ac6.mcu.externaltools.arm-none.win32_1.13.1.201701261202/tools/compiler/bin/../lib/gcc/arm-none-eabi/5.4.1/../../../../arm-none-eabi/lib/armv7e-m/fpu\libc_nano.a(lib_a-nano-mallocr.o)
 .ARM.attributes
                0x00000cba       0x34 c:/ac6/systemworkbench/plugins/fr.ac6.mcu.externaltools.arm-none.win32_1.13.1.201701261202/tools/compiler/bin/../lib/gcc/arm-none-eabi/5.4.1/../../../../arm-none-eabi/lib/armv7e-m/fpu\libc_nano.a(lib_a-sbrkr.o)
 .ARM.attributes
                0x00000cee       0x34 c:/ac6/systemworkbench/plugins/fr.ac6.mcu.externaltools.arm-none.win32_1.13.1.201701261202/tools/compiler/bin/../lib/gcc/arm-none-eabi/5.4.1/../../../../arm-none-eabi/lib/armv7e-m/fpu\libc_nano.a(lib_a-locale.o)
 .ARM.attributes
                0x00000d22       0x34 c:/ac6/systemworkbench/plugins/fr.ac6.mcu.externaltools.arm-none.win32_1.13.1.201701261202/tools/compiler/bin/../lib/gcc/arm-none-eabi/5.4.1/../../../../arm-none-eabi/lib/armv7e-m/fpu\libc_nano.a(lib_a-mbtowc_r.o)
 .ARM.attributes
                0x00000d56       0x34 c:/ac6/systemworkbench/plugins/fr.ac6.mcu.externaltools.arm-none.win32_1.13.1.201701261202/tools/compiler/bin/../lib/gcc/arm-none-eabi/5.4.1/../../../../arm-none-eabi/lib/armv7e-m/fpu\libc_nano.a(lib_a-mlock.o)
 .ARM.attributes
                0x00000d8a       0x34 c:/ac6/systemworkbench/plugins/fr.ac6.mcu.externaltools.arm-none.win32_1.13.1.201701261202/tools/compiler/bin/../lib/gcc/arm-none-eabi/5.4.1/../../../../arm-none-eabi/lib/armv7e-m/fpu\libc_nano.a(lib_a-reent.o)
 .ARM.attributes
                0x00000dbe       0x34 c:/ac6/systemworkbench/plugins/fr.ac6.mcu.externaltools.arm-none.win32_1.13.1.201701261202/tools/compiler/bin/../lib/gcc/arm-none-eabi/5.4.1/../../../../arm-none-eabi/lib/armv7e-m/fpu\libc_nano.a(lib_a-wctomb_r.o)
 .ARM.attributes
                0x00000df2       0x34 c:/ac6/systemworkbench/plugins/fr.ac6.mcu.externaltools.arm-none.win32_1.13.1.201701261202/tools/compiler/bin/../lib/gcc/arm-none-eabi/5.4.1/../../../../arm-none-eabi/lib/armv7e-m/fpu\libc_nano.a(lib_a-ctype_.o)
 .ARM.attributes
                0x00000e26       0x34 c:/ac6/systemworkbench/plugins/fr.ac6.mcu.externaltools.arm-none.win32_1.13.1.201701261202/tools/compiler/bin/../lib/gcc/arm-none-eabi/5.4.1/../../../../arm-none-eabi/lib/armv7e-m/fpu\libnosys.a(sbrk.o)
 .ARM.attributes
                0x00000e5a       0x22 c:/ac6/systemworkbench/plugins/fr.ac6.mcu.externaltools.arm-none.win32_1.13.1.201701261202/tools/compiler/bin/../lib/gcc/arm-none-eabi/5.4.1/armv7e-m/fpu/crtn.o
OUTPUT(PIDtest.elf elf32-littlearm)

.debug_line     0x00000000     0xd69a
 .debug_line    0x00000000       0xa1 Application/SW4STM32/startup_stm32f407xx.o
 .debug_line    0x000000a1      0x941 Application/User/I2C_Software_Master.o
 .debug_line    0x000009e2      0xd47 Application/User/main.o
 .debug_line    0x00001729      0x65f Application/User/matrix.o
 .debug_line    0x00001d88      0x886 Application/User/stm32f4xx_hal_msp.o
 .debug_line    0x0000260e      0x9b6 Application/User/stm32f4xx_it.o
 .debug_line    0x00002fc4      0x7e9 Drivers/CMSIS/system_stm32f4xx.o
 .debug_line    0x000037ad      0x947 Drivers/STM32F4xx_HAL_Driver/stm32f4xx_hal.o
 .debug_line    0x000040f4      0x9bc Drivers/STM32F4xx_HAL_Driver/stm32f4xx_hal_cortex.o
 .debug_line    0x00004ab0      0xad7 Drivers/STM32F4xx_HAL_Driver/stm32f4xx_hal_dma.o
 .debug_line    0x00005587      0x98e Drivers/STM32F4xx_HAL_Driver/stm32f4xx_hal_gpio.o
 .debug_line    0x00005f15      0xaf5 Drivers/STM32F4xx_HAL_Driver/stm32f4xx_hal_rcc.o
 .debug_line    0x00006a0a      0xf82 Drivers/STM32F4xx_HAL_Driver/stm32f4xx_hal_spi.o
 .debug_line    0x0000798c     0x161b Drivers/STM32F4xx_HAL_Driver/stm32f4xx_hal_tim.o
 .debug_line    0x00008fa7      0xbb6 Drivers/STM32F4xx_HAL_Driver/stm32f4xx_hal_tim_ex.o
 .debug_line    0x00009b5d     0x1095 Drivers/STM32F4xx_HAL_Driver/stm32f4xx_hal_uart.o
 .debug_line    0x0000abf2      0xb01 Middlewares/FreeRTOS/cmsis_os.o
 .debug_line    0x0000b6f3      0x63c Middlewares/FreeRTOS/heap_4.o
 .debug_line    0x0000bd2f      0x583 Middlewares/FreeRTOS/list.o
 .debug_line    0x0000c2b2      0x5ac Middlewares/FreeRTOS/port.o
 .debug_line    0x0000c85e      0xe3c Middlewares/FreeRTOS/tasks.o

.debug_info     0x00000000    0x146fc
 .debug_info    0x00000000       0xa2 Application/SW4STM32/startup_stm32f407xx.o
 .debug_info    0x000000a2      0xc68 Application/User/I2C_Software_Master.o
 .debug_info    0x00000d0a     0x2576 Application/User/main.o
 .debug_info    0x00003280      0x8b8 Application/User/matrix.o
 .debug_info    0x00003b38     0x1225 Application/User/stm32f4xx_hal_msp.o
 .debug_info    0x00004d5d      0x5aa Application/User/stm32f4xx_it.o
 .debug_info    0x00005307      0x500 Drivers/CMSIS/system_stm32f4xx.o
 .debug_info    0x00005807      0x8da Drivers/STM32F4xx_HAL_Driver/stm32f4xx_hal.o
 .debug_info    0x000060e1      0xe79 Drivers/STM32F4xx_HAL_Driver/stm32f4xx_hal_cortex.o
 .debug_info    0x00006f5a      0xa2c Drivers/STM32F4xx_HAL_Driver/stm32f4xx_hal_dma.o
 .debug_info    0x00007986      0x731 Drivers/STM32F4xx_HAL_Driver/stm32f4xx_hal_gpio.o
 .debug_info    0x000080b7      0xc97 Drivers/STM32F4xx_HAL_Driver/stm32f4xx_hal_rcc.o
 .debug_info    0x00008d4e     0x183c Drivers/STM32F4xx_HAL_Driver/stm32f4xx_hal_spi.o
 .debug_info    0x0000a58a     0x2eaa Drivers/STM32F4xx_HAL_Driver/stm32f4xx_hal_tim.o
 .debug_info    0x0000d434      0xf6f Drivers/STM32F4xx_HAL_Driver/stm32f4xx_hal_tim_ex.o
 .debug_info    0x0000e3a3     0x14ed Drivers/STM32F4xx_HAL_Driver/stm32f4xx_hal_uart.o
 .debug_info    0x0000f890     0x1ae7 Middlewares/FreeRTOS/cmsis_os.o
 .debug_info    0x00011377      0x486 Middlewares/FreeRTOS/heap_4.o
 .debug_info    0x000117fd      0x2a1 Middlewares/FreeRTOS/list.o
 .debug_info    0x00011a9e      0x557 Middlewares/FreeRTOS/port.o
 .debug_info    0x00011ff5     0x2707 Middlewares/FreeRTOS/tasks.o

.debug_abbrev   0x00000000     0x3132
 .debug_abbrev  0x00000000       0x12 Application/SW4STM32/startup_stm32f407xx.o
 .debug_abbrev  0x00000012      0x1fb Application/User/I2C_Software_Master.o
 .debug_abbrev  0x0000020d      0x434 Application/User/main.o
 .debug_abbrev  0x00000641      0x18c Application/User/matrix.o
 .debug_abbrev  0x000007cd      0x1d3 Application/User/stm32f4xx_hal_msp.o
 .debug_abbrev  0x000009a0      0x153 Application/User/stm32f4xx_it.o
 .debug_abbrev  0x00000af3      0x104 Drivers/CMSIS/system_stm32f4xx.o
 .debug_abbrev  0x00000bf7      0x247 Drivers/STM32F4xx_HAL_Driver/stm32f4xx_hal.o
 .debug_abbrev  0x00000e3e      0x332 Drivers/STM32F4xx_HAL_Driver/stm32f4xx_hal_cortex.o
 .debug_abbrev  0x00001170      0x2e0 Drivers/STM32F4xx_HAL_Driver/stm32f4xx_hal_dma.o
 .debug_abbrev  0x00001450      0x1cb Drivers/STM32F4xx_HAL_Driver/stm32f4xx_hal_gpio.o
 .debug_abbrev  0x0000161b      0x321 Drivers/STM32F4xx_HAL_Driver/stm32f4xx_hal_rcc.o
 .debug_abbrev  0x0000193c      0x33a Drivers/STM32F4xx_HAL_Driver/stm32f4xx_hal_spi.o
 .debug_abbrev  0x00001c76      0x314 Drivers/STM32F4xx_HAL_Driver/stm32f4xx_hal_tim.o
 .debug_abbrev  0x00001f8a      0x273 Drivers/STM32F4xx_HAL_Driver/stm32f4xx_hal_tim_ex.o
 .debug_abbrev  0x000021fd      0x30b Drivers/STM32F4xx_HAL_Driver/stm32f4xx_hal_uart.o
 .debug_abbrev  0x00002508      0x36d Middlewares/FreeRTOS/cmsis_os.o
 .debug_abbrev  0x00002875      0x231 Middlewares/FreeRTOS/heap_4.o
 .debug_abbrev  0x00002aa6       0xdd Middlewares/FreeRTOS/list.o
 .debug_abbrev  0x00002b83      0x21c Middlewares/FreeRTOS/port.o
 .debug_abbrev  0x00002d9f      0x393 Middlewares/FreeRTOS/tasks.o

.debug_aranges  0x00000000      0xf08
 .debug_aranges
                0x00000000       0x28 Application/SW4STM32/startup_stm32f407xx.o
 .debug_aranges
                0x00000028       0x78 Application/User/I2C_Software_Master.o
 .debug_aranges
                0x000000a0       0x88 Application/User/main.o
 .debug_aranges
                0x00000128       0x80 Application/User/matrix.o
 .debug_aranges
                0x000001a8       0x58 Application/User/stm32f4xx_hal_msp.o
 .debug_aranges
                0x00000200       0x28 Application/User/stm32f4xx_it.o
 .debug_aranges
                0x00000228       0x28 Drivers/CMSIS/system_stm32f4xx.o
 .debug_aranges
                0x00000250       0xb8 Drivers/STM32F4xx_HAL_Driver/stm32f4xx_hal.o
 .debug_aranges
                0x00000308       0x98 Drivers/STM32F4xx_HAL_Driver/stm32f4xx_hal_cortex.o
 .debug_aranges
                0x000003a0       0x80 Drivers/STM32F4xx_HAL_Driver/stm32f4xx_hal_dma.o
 .debug_aranges
                0x00000420       0x58 Drivers/STM32F4xx_HAL_Driver/stm32f4xx_hal_gpio.o
 .debug_aranges
                0x00000478       0x80 Drivers/STM32F4xx_HAL_Driver/stm32f4xx_hal_rcc.o
 .debug_aranges
                0x000004f8      0x150 Drivers/STM32F4xx_HAL_Driver/stm32f4xx_hal_spi.o
 .debug_aranges
                0x00000648      0x250 Drivers/STM32F4xx_HAL_Driver/stm32f4xx_hal_tim.o
 .debug_aranges
                0x00000898       0xf0 Drivers/STM32F4xx_HAL_Driver/stm32f4xx_hal_tim_ex.o
 .debug_aranges
                0x00000988      0x170 Drivers/STM32F4xx_HAL_Driver/stm32f4xx_hal_uart.o
 .debug_aranges
                0x00000af8      0x178 Middlewares/FreeRTOS/cmsis_os.o
 .debug_aranges
                0x00000c70       0x48 Middlewares/FreeRTOS/heap_4.o
 .debug_aranges
                0x00000cb8       0x40 Middlewares/FreeRTOS/list.o
 .debug_aranges
                0x00000cf8       0x80 Middlewares/FreeRTOS/port.o
 .debug_aranges
                0x00000d78      0x190 Middlewares/FreeRTOS/tasks.o

.debug_ranges   0x00000000     0x12d0
 .debug_ranges  0x00000000       0x20 Application/SW4STM32/startup_stm32f407xx.o
 .debug_ranges  0x00000020       0x68 Application/User/I2C_Software_Master.o
 .debug_ranges  0x00000088      0x180 Application/User/main.o
 .debug_ranges  0x00000208       0x70 Application/User/matrix.o
 .debug_ranges  0x00000278       0x80 Application/User/stm32f4xx_hal_msp.o
 .debug_ranges  0x000002f8       0x18 Application/User/stm32f4xx_it.o
 .debug_ranges  0x00000310       0x18 Drivers/CMSIS/system_stm32f4xx.o
 .debug_ranges  0x00000328       0xa8 Drivers/STM32F4xx_HAL_Driver/stm32f4xx_hal.o
 .debug_ranges  0x000003d0      0x148 Drivers/STM32F4xx_HAL_Driver/stm32f4xx_hal_cortex.o
 .debug_ranges  0x00000518       0xa8 Drivers/STM32F4xx_HAL_Driver/stm32f4xx_hal_dma.o
 .debug_ranges  0x000005c0       0x70 Drivers/STM32F4xx_HAL_Driver/stm32f4xx_hal_gpio.o
 .debug_ranges  0x00000630      0x150 Drivers/STM32F4xx_HAL_Driver/stm32f4xx_hal_rcc.o
 .debug_ranges  0x00000780      0x170 Drivers/STM32F4xx_HAL_Driver/stm32f4xx_hal_spi.o
 .debug_ranges  0x000008f0      0x330 Drivers/STM32F4xx_HAL_Driver/stm32f4xx_hal_tim.o
 .debug_ranges  0x00000c20       0xe0 Drivers/STM32F4xx_HAL_Driver/stm32f4xx_hal_tim_ex.o
 .debug_ranges  0x00000d00      0x178 Drivers/STM32F4xx_HAL_Driver/stm32f4xx_hal_uart.o
 .debug_ranges  0x00000e78      0x168 Middlewares/FreeRTOS/cmsis_os.o
 .debug_ranges  0x00000fe0       0x38 Middlewares/FreeRTOS/heap_4.o
 .debug_ranges  0x00001018       0x30 Middlewares/FreeRTOS/list.o
 .debug_ranges  0x00001048       0x70 Middlewares/FreeRTOS/port.o
 .debug_ranges  0x000010b8      0x218 Middlewares/FreeRTOS/tasks.o

.debug_loc      0x00000000     0xb93b
 .debug_loc     0x00000000      0x231 Application/User/I2C_Software_Master.o
 .debug_loc     0x00000231      0x77e Application/User/main.o
 .debug_loc     0x000009af      0x926 Application/User/matrix.o
 .debug_loc     0x000012d5       0xbb Application/User/stm32f4xx_hal_msp.o
 .debug_loc     0x00001390       0xd7 Drivers/CMSIS/system_stm32f4xx.o
 .debug_loc     0x00001467       0x92 Drivers/STM32F4xx_HAL_Driver/stm32f4xx_hal.o
 .debug_loc     0x000014f9      0x4ab Drivers/STM32F4xx_HAL_Driver/stm32f4xx_hal_cortex.o
 .debug_loc     0x000019a4      0x757 Drivers/STM32F4xx_HAL_Driver/stm32f4xx_hal_dma.o
 .debug_loc     0x000020fb      0x374 Drivers/STM32F4xx_HAL_Driver/stm32f4xx_hal_gpio.o
 .debug_loc     0x0000246f      0x485 Drivers/STM32F4xx_HAL_Driver/stm32f4xx_hal_rcc.o
 .debug_loc     0x000028f4     0x1725 Drivers/STM32F4xx_HAL_Driver/stm32f4xx_hal_spi.o
 .debug_loc     0x00004019     0x3146 Drivers/STM32F4xx_HAL_Driver/stm32f4xx_hal_tim.o
 .debug_loc     0x0000715f      0x7b9 Drivers/STM32F4xx_HAL_Driver/stm32f4xx_hal_tim_ex.o
 .debug_loc     0x00007918     0x13b0 Drivers/STM32F4xx_HAL_Driver/stm32f4xx_hal_uart.o
 .debug_loc     0x00008cc8      0xf7e Middlewares/FreeRTOS/cmsis_os.o
 .debug_loc     0x00009c46      0x389 Middlewares/FreeRTOS/heap_4.o
 .debug_loc     0x00009fcf       0x94 Middlewares/FreeRTOS/list.o
 .debug_loc     0x0000a063       0xae Middlewares/FreeRTOS/port.o
 .debug_loc     0x0000a111     0x182a Middlewares/FreeRTOS/tasks.o

.debug_macro    0x00000000    0x22c6b
 .debug_macro   0x00000000      0x37f Application/User/I2C_Software_Master.o
 .debug_macro   0x0000037f      0x89e Application/User/I2C_Software_Master.o
 .debug_macro   0x00000c1d      0x17e Application/User/I2C_Software_Master.o
 .debug_macro   0x00000d9b      0x185 Application/User/I2C_Software_Master.o
 .debug_macro   0x00000f20       0x33 Application/User/I2C_Software_Master.o
 .debug_macro   0x00000f53       0x28 Application/User/I2C_Software_Master.o
 .debug_macro   0x00000f7b       0x22 Application/User/I2C_Software_Master.o
 .debug_macro   0x00000f9d       0x87 Application/User/I2C_Software_Master.o
 .debug_macro   0x00001024       0x44 Application/User/I2C_Software_Master.o
 .debug_macro   0x00001068       0xfd Application/User/I2C_Software_Master.o
 .debug_macro   0x00001165       0x5e Application/User/I2C_Software_Master.o
 .debug_macro   0x000011c3      0x1df Application/User/I2C_Software_Master.o
 .debug_macro   0x000013a2       0x35 Application/User/I2C_Software_Master.o
 .debug_macro   0x000013d7       0x50 Application/User/I2C_Software_Master.o
 .debug_macro   0x00001427      0xe66 Application/User/I2C_Software_Master.o
 .debug_macro   0x0000228d    0x15d7f Application/User/I2C_Software_Master.o
 .debug_macro   0x0001800c       0x43 Application/User/I2C_Software_Master.o
 .debug_macro   0x0001804f     0x347f Application/User/I2C_Software_Master.o
 .debug_macro   0x0001b4ce       0x52 Application/User/I2C_Software_Master.o
 .debug_macro   0x0001b520       0x35 Application/User/I2C_Software_Master.o
 .debug_macro   0x0001b555       0x9c Application/User/I2C_Software_Master.o
 .debug_macro   0x0001b5f1       0x16 Application/User/I2C_Software_Master.o
 .debug_macro   0x0001b607       0x97 Application/User/I2C_Software_Master.o
 .debug_macro   0x0001b69e      0x30d Application/User/I2C_Software_Master.o
 .debug_macro   0x0001b9ab       0xfd Application/User/I2C_Software_Master.o
 .debug_macro   0x0001baa8       0x10 Application/User/I2C_Software_Master.o
 .debug_macro   0x0001bab8       0x52 Application/User/I2C_Software_Master.o
 .debug_macro   0x0001bb0a       0x1f Application/User/I2C_Software_Master.o
 .debug_macro   0x0001bb29       0x43 Application/User/I2C_Software_Master.o
 .debug_macro   0x0001bb6c       0x20 Application/User/I2C_Software_Master.o
 .debug_macro   0x0001bb8c      0x187 Application/User/I2C_Software_Master.o
 .debug_macro   0x0001bd13       0x10 Application/User/I2C_Software_Master.o
 .debug_macro   0x0001bd23       0x1c Application/User/I2C_Software_Master.o
 .debug_macro   0x0001bd3f       0x52 Application/User/I2C_Software_Master.o
 .debug_macro   0x0001bd91       0x40 Application/User/I2C_Software_Master.o
 .debug_macro   0x0001bdd1       0x10 Application/User/I2C_Software_Master.o
 .debug_macro   0x0001bde1       0x40 Application/User/I2C_Software_Master.o
 .debug_macro   0x0001be21       0xd7 Application/User/I2C_Software_Master.o
 .debug_macro   0x0001bef8       0x16 Application/User/I2C_Software_Master.o
 .debug_macro   0x0001bf0e      0x18b Application/User/I2C_Software_Master.o
 .debug_macro   0x0001c099       0x50 Application/User/I2C_Software_Master.o
 .debug_macro   0x0001c0e9      0x964 Application/User/I2C_Software_Master.o
 .debug_macro   0x0001ca4d      0x9e1 Application/User/I2C_Software_Master.o